
[1/4] === gcg_seed3 ===
  /home/users/dongye/Oculomics/.venv/bin/python /home/users/dongye/Oculomics/train_idrid.py --arch gcg_unet --seed 3 --epochs 200 --batch-size 4 --lr 0.002 --loss focal_tversky --lesions MA HE EX SE --num-workers 2 --ckpt-dir checkpoints_s34 --run-name gcg_seed3 --results-json experiments_pretrained_s34/gcg_seed3.json --gcg-variant baseline --patch-size 512 --eval-tiled --pretrained
Warning: Looks like you're using an outdated `kagglehub` version (installed: 0.3.13), please consider upgrading to the latest version (1.0.2).
[info] dist   : single-process
[info] device : cuda
[info] lesions: ['MA', 'HE', 'EX', 'SE']  (C=4)   loss=focal_tversky
[info] splits : train=43 val=11 test=27
[info] train  : patch 512px native-res   eval=tiled native-res
[info] ckpt   : checkpoints_s34/gcg_seed3.pt
[info] model  : GCG-U-Net (MobileNetV3) gcg=baseline, 6.84M params
[info] batch  : physical=4 x accum=1 x gpus=1 -> effective=4   amp=off

=== training 200 epochs (val for selection) ===
  epoch  1/200  loss=0.9504  val[mean=0.007]  MA=0.002  HE=0.011  EX=0.016  SE=0.000  <- best (saved)
  epoch  2/200  loss=0.9354  val[mean=0.006]  MA=0.001  HE=0.008  EX=0.014  SE=0.001
  epoch  3/200  loss=0.9382  val[mean=0.042]  MA=0.001  HE=0.013  EX=0.101  SE=0.052  <- best (saved)
  epoch  4/200  loss=0.9288  val[mean=0.016]  MA=0.001  HE=0.010  EX=0.041  SE=0.014
  epoch  5/200  loss=0.9323  val[mean=0.011]  MA=0.002  HE=0.023  EX=0.013  SE=0.007
  epoch  6/200  loss=0.9177  val[mean=0.014]  MA=0.001  HE=0.012  EX=0.035  SE=0.006
  epoch  7/200  loss=0.9135  val[mean=0.006]  MA=0.001  HE=0.007  EX=0.014  SE=0.004
  epoch  8/200  loss=0.9059  val[mean=0.006]  MA=0.001  HE=0.008  EX=0.013  SE=0.003
  epoch  9/200  loss=0.8710  val[mean=0.003]  MA=0.002  HE=0.011  EX=0.000  SE=0.000
  epoch 10/200  loss=0.8841  val[mean=0.003]  MA=0.002  HE=0.011  EX=0.000  SE=0.000
  epoch 11/200  loss=0.8703  val[mean=0.011]  MA=0.001  HE=0.012  EX=0.024  SE=0.007
  epoch 12/200  loss=0.8727  val[mean=0.018]  MA=0.001  HE=0.012  EX=0.045  SE=0.014
  epoch 13/200  loss=0.8568  val[mean=0.008]  MA=0.002  HE=0.006  EX=0.020  SE=0.005
  epoch 14/200  loss=0.8554  val[mean=0.004]  MA=0.000  HE=0.004  EX=0.011  SE=0.003
  epoch 15/200  loss=0.8727  val[mean=0.011]  MA=0.002  HE=0.011  EX=0.027  SE=0.004
  epoch 16/200  loss=0.8605  val[mean=0.006]  MA=0.001  HE=0.012  EX=0.008  SE=0.001
  epoch 17/200  loss=0.8391  val[mean=0.006]  MA=0.001  HE=0.012  EX=0.010  SE=0.003
  epoch 18/200  loss=0.8453  val[mean=0.007]  MA=0.000  HE=0.007  EX=0.016  SE=0.003
  epoch 19/200  loss=0.8406  val[mean=0.011]  MA=0.001  HE=0.008  EX=0.029  SE=0.006
  epoch 20/200  loss=0.8405  val[mean=0.015]  MA=0.001  HE=0.009  EX=0.038  SE=0.011
  epoch 21/200  loss=0.8089  val[mean=0.036]  MA=0.001  HE=0.010  EX=0.112  SE=0.020
  epoch 22/200  loss=0.8587  val[mean=0.034]  MA=0.001  HE=0.010  EX=0.112  SE=0.014
  epoch 23/200  loss=0.8325  val[mean=0.056]  MA=0.001  HE=0.010  EX=0.160  SE=0.051  <- best (saved)
  epoch 24/200  loss=0.7965  val[mean=0.067]  MA=0.001  HE=0.012  EX=0.224  SE=0.030  <- best (saved)
  epoch 25/200  loss=0.8294  val[mean=0.014]  MA=0.001  HE=0.010  EX=0.038  SE=0.005
  epoch 26/200  loss=0.8146  val[mean=0.019]  MA=0.001  HE=0.015  EX=0.049  SE=0.011
  epoch 27/200  loss=0.8339  val[mean=0.025]  MA=0.001  HE=0.015  EX=0.067  SE=0.015
  epoch 28/200  loss=0.8149  val[mean=0.021]  MA=0.001  HE=0.012  EX=0.054  SE=0.016
  epoch 29/200  loss=0.8082  val[mean=0.025]  MA=0.001  HE=0.015  EX=0.064  SE=0.020
  epoch 30/200  loss=0.8450  val[mean=0.014]  MA=0.001  HE=0.009  EX=0.036  SE=0.010
  epoch 31/200  loss=0.8258  val[mean=0.033]  MA=0.001  HE=0.016  EX=0.090  SE=0.024
  epoch 32/200  loss=0.8281  val[mean=0.025]  MA=0.001  HE=0.016  EX=0.069  SE=0.016
  epoch 33/200  loss=0.7882  val[mean=0.019]  MA=0.002  HE=0.010  EX=0.054  SE=0.011
  epoch 34/200  loss=0.8277  val[mean=0.027]  MA=0.002  HE=0.012  EX=0.076  SE=0.017
  epoch 35/200  loss=0.7531  val[mean=0.040]  MA=0.002  HE=0.017  EX=0.121  SE=0.020
  epoch 36/200  loss=0.7969  val[mean=0.066]  MA=0.002  HE=0.020  EX=0.174  SE=0.069
  epoch 37/200  loss=0.8017  val[mean=0.049]  MA=0.002  HE=0.014  EX=0.123  SE=0.056
  epoch 38/200  loss=0.7955  val[mean=0.024]  MA=0.000  HE=0.028  EX=0.046  SE=0.020
  epoch 39/200  loss=0.8001  val[mean=0.023]  MA=0.002  HE=0.017  EX=0.055  SE=0.019
  epoch 40/200  loss=0.7745  val[mean=0.027]  MA=0.001  HE=0.013  EX=0.075  SE=0.019
  epoch 41/200  loss=0.7420  val[mean=0.037]  MA=0.001  HE=0.011  EX=0.099  SE=0.036
  epoch 42/200  loss=0.7778  val[mean=0.030]  MA=0.001  HE=0.012  EX=0.017  SE=0.088
  epoch 43/200  loss=0.7722  val[mean=0.007]  MA=0.002  HE=0.012  EX=0.017  SE=0.000
  epoch 44/200  loss=0.7450  val[mean=0.021]  MA=0.002  HE=0.016  EX=0.054  SE=0.009
  epoch 45/200  loss=0.7885  val[mean=0.021]  MA=0.004  HE=0.021  EX=0.048  SE=0.012
  epoch 46/200  loss=0.7660  val[mean=0.019]  MA=0.003  HE=0.024  EX=0.041  SE=0.007
  epoch 47/200  loss=0.7934  val[mean=0.027]  MA=0.001  HE=0.038  EX=0.059  SE=0.011
  epoch 48/200  loss=0.7696  val[mean=0.023]  MA=0.003  HE=0.031  EX=0.049  SE=0.007
  epoch 49/200  loss=0.7398  val[mean=0.016]  MA=0.003  HE=0.027  EX=0.030  SE=0.004
  epoch 50/200  loss=0.7886  val[mean=0.019]  MA=0.000  HE=0.043  EX=0.027  SE=0.007
  epoch 51/200  loss=0.7060  val[mean=0.036]  MA=0.010  HE=0.096  EX=0.030  SE=0.009
  epoch 52/200  loss=0.7474  val[mean=0.016]  MA=0.003  HE=0.034  EX=0.025  SE=0.004
  epoch 53/200  loss=0.7303  val[mean=0.022]  MA=0.000  HE=0.027  EX=0.051  SE=0.009
  epoch 54/200  loss=0.7066  val[mean=0.014]  MA=0.000  HE=0.013  EX=0.037  SE=0.008
  epoch 55/200  loss=0.6860  val[mean=0.023]  MA=0.000  HE=0.052  EX=0.033  SE=0.008
  epoch 56/200  loss=0.6907  val[mean=0.043]  MA=0.000  HE=0.066  EX=0.087  SE=0.020
  epoch 57/200  loss=0.7386  val[mean=0.065]  MA=0.004  HE=0.066  EX=0.161  SE=0.031
  epoch 58/200  loss=0.7089  val[mean=0.064]  MA=0.003  HE=0.141  EX=0.084  SE=0.030
  epoch 59/200  loss=0.7125  val[mean=0.046]  MA=0.001  HE=0.016  EX=0.099  SE=0.070
  epoch 60/200  loss=0.7313  val[mean=0.039]  MA=0.000  HE=0.013  EX=0.089  SE=0.056
  epoch 61/200  loss=0.7213  val[mean=0.041]  MA=0.002  HE=0.014  EX=0.098  SE=0.048
  epoch 62/200  loss=0.7110  val[mean=0.036]  MA=0.002  HE=0.014  EX=0.092  SE=0.036
  epoch 63/200  loss=0.6905  val[mean=0.036]  MA=0.006  HE=0.024  EX=0.087  SE=0.028
  epoch 64/200  loss=0.7284  val[mean=0.056]  MA=0.000  HE=0.096  EX=0.099  SE=0.031
  epoch 65/200  loss=0.7201  val[mean=0.046]  MA=0.003  HE=0.043  EX=0.115  SE=0.025
  epoch 66/200  loss=0.6633  val[mean=0.043]  MA=0.005  HE=0.043  EX=0.098  SE=0.025
  epoch 67/200  loss=0.6750  val[mean=0.056]  MA=0.006  HE=0.071  EX=0.115  SE=0.033
  epoch 68/200  loss=0.6476  val[mean=0.056]  MA=0.004  HE=0.094  EX=0.093  SE=0.032
  epoch 69/200  loss=0.6467  val[mean=0.050]  MA=0.002  HE=0.082  EX=0.086  SE=0.029
  epoch 70/200  loss=0.7148  val[mean=0.044]  MA=0.006  HE=0.042  EX=0.099  SE=0.029
  epoch 71/200  loss=0.6413  val[mean=0.036]  MA=0.006  HE=0.041  EX=0.074  SE=0.023
  epoch 72/200  loss=0.6745  val[mean=0.032]  MA=0.006  HE=0.026  EX=0.077  SE=0.020
  epoch 73/200  loss=0.7048  val[mean=0.039]  MA=0.003  HE=0.034  EX=0.087  SE=0.031
  epoch 74/200  loss=0.6334  val[mean=0.065]  MA=0.004  HE=0.124  EX=0.101  SE=0.032
  epoch 75/200  loss=0.6309  val[mean=0.058]  MA=0.003  HE=0.120  EX=0.084  SE=0.027
  epoch 76/200  loss=0.7183  val[mean=0.079]  MA=0.000  HE=0.178  EX=0.103  SE=0.034  <- best (saved)
  epoch 77/200  loss=0.6924  val[mean=0.088]  MA=0.002  HE=0.188  EX=0.124  SE=0.040  <- best (saved)
  epoch 78/200  loss=0.6859  val[mean=0.107]  MA=0.002  HE=0.176  EX=0.189  SE=0.060  <- best (saved)
  epoch 79/200  loss=0.6390  val[mean=0.103]  MA=0.002  HE=0.186  EX=0.171  SE=0.052
  epoch 80/200  loss=0.6317  val[mean=0.090]  MA=0.000  HE=0.148  EX=0.157  SE=0.054
  epoch 81/200  loss=0.6778  val[mean=0.110]  MA=0.003  HE=0.205  EX=0.161  SE=0.071  <- best (saved)
  epoch 82/200  loss=0.6738  val[mean=0.104]  MA=0.001  HE=0.177  EX=0.155  SE=0.083
  epoch 83/200  loss=0.6817  val[mean=0.083]  MA=0.000  HE=0.132  EX=0.137  SE=0.061
  epoch 84/200  loss=0.6174  val[mean=0.067]  MA=0.000  HE=0.140  EX=0.094  SE=0.036
  epoch 85/200  loss=0.7131  val[mean=0.069]  MA=0.001  HE=0.171  EX=0.077  SE=0.027
  epoch 86/200  loss=0.6502  val[mean=0.065]  MA=0.000  HE=0.130  EX=0.094  SE=0.036
  epoch 87/200  loss=0.6619  val[mean=0.089]  MA=0.002  HE=0.199  EX=0.111  SE=0.043
  epoch 88/200  loss=0.6526  val[mean=0.093]  MA=0.004  HE=0.209  EX=0.117  SE=0.041
  epoch 89/200  loss=0.6906  val[mean=0.095]  MA=0.003  HE=0.175  EX=0.153  SE=0.051
  epoch 90/200  loss=0.7013  val[mean=0.109]  MA=0.002  HE=0.180  EX=0.185  SE=0.069
  epoch 91/200  loss=0.6615  val[mean=0.086]  MA=0.001  HE=0.120  EX=0.168  SE=0.054
  epoch 92/200  loss=0.6949  val[mean=0.081]  MA=0.005  HE=0.216  EX=0.080  SE=0.022
  epoch 93/200  loss=0.6747  val[mean=0.085]  MA=0.005  HE=0.242  EX=0.073  SE=0.019
  epoch 94/200  loss=0.7345  val[mean=0.071]  MA=0.004  HE=0.158  EX=0.096  SE=0.025
  epoch 95/200  loss=0.6608  val[mean=0.080]  MA=0.002  HE=0.159  EX=0.128  SE=0.032
  epoch 96/200  loss=0.6997  val[mean=0.093]  MA=0.002  HE=0.188  EX=0.138  SE=0.043
  epoch 97/200  loss=0.6638  val[mean=0.112]  MA=0.003  HE=0.210  EX=0.180  SE=0.055  <- best (saved)
  epoch 98/200  loss=0.6158  val[mean=0.123]  MA=0.003  HE=0.183  EX=0.239  SE=0.066  <- best (saved)
  epoch 99/200  loss=0.6734  val[mean=0.149]  MA=0.003  HE=0.223  EX=0.278  SE=0.093  <- best (saved)
  epoch 100/200  loss=0.6534  val[mean=0.140]  MA=0.002  HE=0.184  EX=0.289  SE=0.086
  epoch 101/200  loss=0.6678  val[mean=0.120]  MA=0.001  HE=0.139  EX=0.252  SE=0.087
  epoch 102/200  loss=0.6200  val[mean=0.103]  MA=0.000  HE=0.113  EX=0.229  SE=0.069
  epoch 103/200  loss=0.6385  val[mean=0.103]  MA=0.001  HE=0.098  EX=0.237  SE=0.077
  epoch 104/200  loss=0.6759  val[mean=0.122]  MA=0.002  HE=0.158  EX=0.234  SE=0.095
  epoch 105/200  loss=0.6683  val[mean=0.122]  MA=0.002  HE=0.169  EX=0.226  SE=0.091
  epoch 106/200  loss=0.6393  val[mean=0.100]  MA=0.002  HE=0.125  EX=0.196  SE=0.077
  epoch 107/200  loss=0.6485  val[mean=0.065]  MA=0.001  HE=0.055  EX=0.148  SE=0.058
  epoch 108/200  loss=0.6742  val[mean=0.054]  MA=0.002  HE=0.086  EX=0.095  SE=0.034
  epoch 109/200  loss=0.6639  val[mean=0.090]  MA=0.005  HE=0.187  EX=0.124  SE=0.045
  epoch 110/200  loss=0.6460  val[mean=0.107]  MA=0.008  HE=0.190  EX=0.166  SE=0.063
  epoch 111/200  loss=0.6386  val[mean=0.073]  MA=0.009  HE=0.096  EX=0.136  SE=0.050
  epoch 112/200  loss=0.6596  val[mean=0.067]  MA=0.004  HE=0.075  EX=0.137  SE=0.053
  epoch 113/200  loss=0.6233  val[mean=0.085]  MA=0.009  HE=0.131  EX=0.142  SE=0.057
  epoch 114/200  loss=0.5892  val[mean=0.078]  MA=0.001  HE=0.110  EX=0.144  SE=0.055
  epoch 115/200  loss=0.6092  val[mean=0.076]  MA=0.000  HE=0.094  EX=0.153  SE=0.058
  epoch 116/200  loss=0.6314  val[mean=0.083]  MA=0.000  HE=0.114  EX=0.158  SE=0.062
  epoch 117/200  loss=0.6472  val[mean=0.092]  MA=0.000  HE=0.159  EX=0.152  SE=0.058
  epoch 118/200  loss=0.6243  val[mean=0.091]  MA=0.002  HE=0.170  EX=0.142  SE=0.051
  epoch 119/200  loss=0.6405  val[mean=0.095]  MA=0.002  HE=0.166  EX=0.155  SE=0.056
  epoch 120/200  loss=0.6280  val[mean=0.097]  MA=0.001  HE=0.137  EX=0.182  SE=0.069
  epoch 121/200  loss=0.6381  val[mean=0.092]  MA=0.001  HE=0.163  EX=0.150  SE=0.053
  epoch 122/200  loss=0.6506  val[mean=0.099]  MA=0.001  HE=0.199  EX=0.144  SE=0.051
  epoch 123/200  loss=0.6559  val[mean=0.110]  MA=0.001  HE=0.187  EX=0.186  SE=0.065
  epoch 124/200  loss=0.6529  val[mean=0.103]  MA=0.001  HE=0.156  EX=0.196  SE=0.059
  epoch 125/200  loss=0.6480  val[mean=0.106]  MA=0.000  HE=0.120  EX=0.232  SE=0.071
  epoch 126/200  loss=0.6234  val[mean=0.105]  MA=0.002  HE=0.133  EX=0.208  SE=0.077
  epoch 127/200  loss=0.5903  val[mean=0.090]  MA=0.002  HE=0.136  EX=0.163  SE=0.059
  epoch 128/200  loss=0.6280  val[mean=0.087]  MA=0.001  HE=0.124  EX=0.164  SE=0.060
  epoch 129/200  loss=0.6578  val[mean=0.110]  MA=0.000  HE=0.113  EX=0.234  SE=0.091
  epoch 130/200  loss=0.6007  val[mean=0.123]  MA=0.000  HE=0.124  EX=0.256  SE=0.111
  epoch 131/200  loss=0.6348  val[mean=0.118]  MA=0.000  HE=0.151  EX=0.227  SE=0.095
  epoch 132/200  loss=0.6462  val[mean=0.103]  MA=0.001  HE=0.161  EX=0.180  SE=0.072
  epoch 133/200  loss=0.6084  val[mean=0.095]  MA=0.000  HE=0.140  EX=0.169  SE=0.071
  epoch 134/200  loss=0.6225  val[mean=0.090]  MA=0.000  HE=0.129  EX=0.159  SE=0.071
  epoch 135/200  loss=0.6235  val[mean=0.091]  MA=0.000  HE=0.119  EX=0.174  SE=0.071
  epoch 136/200  loss=0.6546  val[mean=0.092]  MA=0.000  HE=0.142  EX=0.161  SE=0.065
  epoch 137/200  loss=0.6073  val[mean=0.099]  MA=0.000  HE=0.133  EX=0.182  SE=0.081
  epoch 138/200  loss=0.6605  val[mean=0.087]  MA=0.000  HE=0.132  EX=0.151  SE=0.064
  epoch 139/200  loss=0.5998  val[mean=0.082]  MA=0.000  HE=0.127  EX=0.141  SE=0.059
  epoch 140/200  loss=0.6231  val[mean=0.073]  MA=0.000  HE=0.111  EX=0.132  SE=0.051
  epoch 141/200  loss=0.5684  val[mean=0.077]  MA=0.000  HE=0.111  EX=0.143  SE=0.055
  epoch 142/200  loss=0.6019  val[mean=0.087]  MA=0.000  HE=0.129  EX=0.153  SE=0.065
  epoch 143/200  loss=0.6038  val[mean=0.100]  MA=0.001  HE=0.157  EX=0.174  SE=0.067
  epoch 144/200  loss=0.6393  val[mean=0.110]  MA=0.000  HE=0.146  EX=0.211  SE=0.084
  epoch 145/200  loss=0.6114  val[mean=0.109]  MA=0.000  HE=0.148  EX=0.213  SE=0.075
  epoch 146/200  loss=0.5603  val[mean=0.090]  MA=0.000  HE=0.143  EX=0.162  SE=0.055
  epoch 147/200  loss=0.6106  val[mean=0.091]  MA=0.002  HE=0.158  EX=0.160  SE=0.045
  epoch 148/200  loss=0.5901  val[mean=0.084]  MA=0.002  HE=0.137  EX=0.155  SE=0.042
  epoch 149/200  loss=0.5948  val[mean=0.090]  MA=0.002  HE=0.132  EX=0.177  SE=0.049
  epoch 150/200  loss=0.6018  val[mean=0.096]  MA=0.002  HE=0.122  EX=0.183  SE=0.077
  epoch 151/200  loss=0.6143  val[mean=0.100]  MA=0.002  HE=0.161  EX=0.153  SE=0.086
  epoch 152/200  loss=0.5868  val[mean=0.093]  MA=0.002  HE=0.168  EX=0.134  SE=0.069
  epoch 153/200  loss=0.6056  val[mean=0.092]  MA=0.002  HE=0.159  EX=0.147  SE=0.059
  epoch 154/200  loss=0.5498  val[mean=0.094]  MA=0.002  HE=0.136  EX=0.165  SE=0.072
  epoch 155/200  loss=0.6393  val[mean=0.096]  MA=0.002  HE=0.141  EX=0.178  SE=0.064
  epoch 156/200  loss=0.5676  val[mean=0.108]  MA=0.002  HE=0.165  EX=0.186  SE=0.076
  epoch 157/200  loss=0.5847  val[mean=0.101]  MA=0.002  HE=0.160  EX=0.172  SE=0.070
  epoch 158/200  loss=0.6264  val[mean=0.098]  MA=0.002  HE=0.152  EX=0.175  SE=0.062
  epoch 159/200  loss=0.5825  val[mean=0.099]  MA=0.002  HE=0.146  EX=0.182  SE=0.066
  epoch 160/200  loss=0.6281  val[mean=0.094]  MA=0.001  HE=0.145  EX=0.166  SE=0.065
  epoch 161/200  loss=0.6253  val[mean=0.098]  MA=0.001  HE=0.148  EX=0.172  SE=0.074
  epoch 162/200  loss=0.5728  val[mean=0.088]  MA=0.001  HE=0.135  EX=0.145  SE=0.073
  epoch 163/200  loss=0.6051  val[mean=0.093]  MA=0.001  HE=0.132  EX=0.159  SE=0.078
  epoch 164/200  loss=0.5928  val[mean=0.093]  MA=0.002  HE=0.140  EX=0.151  SE=0.077
  epoch 165/200  loss=0.6112  val[mean=0.094]  MA=0.002  HE=0.141  EX=0.151  SE=0.081
  epoch 166/200  loss=0.6496  val[mean=0.093]  MA=0.002  HE=0.137  EX=0.161  SE=0.072
  epoch 167/200  loss=0.5983  val[mean=0.099]  MA=0.002  HE=0.141  EX=0.184  SE=0.069
  epoch 168/200  loss=0.5991  val[mean=0.101]  MA=0.002  HE=0.144  EX=0.181  SE=0.076
  epoch 169/200  loss=0.6029  val[mean=0.102]  MA=0.002  HE=0.149  EX=0.176  SE=0.080
  epoch 170/200  loss=0.6232  val[mean=0.099]  MA=0.002  HE=0.148  EX=0.171  SE=0.076
  epoch 171/200  loss=0.6306  val[mean=0.092]  MA=0.002  HE=0.149  EX=0.154  SE=0.062
  epoch 172/200  loss=0.5668  val[mean=0.087]  MA=0.002  HE=0.136  EX=0.151  SE=0.058
  epoch 173/200  loss=0.5700  val[mean=0.088]  MA=0.002  HE=0.128  EX=0.158  SE=0.066
  epoch 174/200  loss=0.6494  val[mean=0.089]  MA=0.002  HE=0.129  EX=0.161  SE=0.062
  epoch 175/200  loss=0.5992  val[mean=0.091]  MA=0.002  HE=0.125  EX=0.176  SE=0.060
  epoch 176/200  loss=0.6305  val[mean=0.094]  MA=0.002  HE=0.131  EX=0.188  SE=0.055
  epoch 177/200  loss=0.6223  val[mean=0.097]  MA=0.002  HE=0.142  EX=0.181  SE=0.063
  epoch 178/200  loss=0.6049  val[mean=0.102]  MA=0.003  HE=0.153  EX=0.182  SE=0.069
  epoch 179/200  loss=0.6051  val[mean=0.102]  MA=0.002  HE=0.150  EX=0.187  SE=0.068
  epoch 180/200  loss=0.6392  val[mean=0.098]  MA=0.002  HE=0.150  EX=0.171  SE=0.069
  epoch 181/200  loss=0.6214  val[mean=0.096]  MA=0.002  HE=0.155  EX=0.155  SE=0.072
  epoch 182/200  loss=0.6631  val[mean=0.096]  MA=0.002  HE=0.150  EX=0.163  SE=0.068
  epoch 183/200  loss=0.5335  val[mean=0.101]  MA=0.002  HE=0.147  EX=0.186  SE=0.068
  epoch 184/200  loss=0.5575  val[mean=0.097]  MA=0.002  HE=0.143  EX=0.178  SE=0.067
  epoch 185/200  loss=0.5935  val[mean=0.097]  MA=0.002  HE=0.141  EX=0.183  SE=0.061
  epoch 186/200  loss=0.5697  val[mean=0.096]  MA=0.002  HE=0.136  EX=0.187  SE=0.060
  epoch 187/200  loss=0.5928  val[mean=0.096]  MA=0.002  HE=0.134  EX=0.187  SE=0.061
  epoch 188/200  loss=0.5550  val[mean=0.097]  MA=0.002  HE=0.132  EX=0.192  SE=0.063
  epoch 189/200  loss=0.6470  val[mean=0.094]  MA=0.002  HE=0.133  EX=0.181  SE=0.061
  epoch 190/200  loss=0.6048  val[mean=0.093]  MA=0.002  HE=0.132  EX=0.182  SE=0.058
  epoch 191/200  loss=0.5849  val[mean=0.095]  MA=0.002  HE=0.134  EX=0.186  SE=0.057
  epoch 192/200  loss=0.5922  val[mean=0.098]  MA=0.002  HE=0.133  EX=0.194  SE=0.063
  epoch 193/200  loss=0.5951  val[mean=0.095]  MA=0.002  HE=0.127  EX=0.185  SE=0.066
  epoch 194/200  loss=0.5595  val[mean=0.097]  MA=0.002  HE=0.130  EX=0.194  SE=0.062
  epoch 195/200  loss=0.6253  val[mean=0.097]  MA=0.002  HE=0.130  EX=0.188  SE=0.070
  epoch 196/200  loss=0.5401  val[mean=0.099]  MA=0.002  HE=0.131  EX=0.197  SE=0.068
  epoch 197/200  loss=0.5868  val[mean=0.100]  MA=0.002  HE=0.137  EX=0.195  SE=0.066
  epoch 198/200  loss=0.6031  val[mean=0.100]  MA=0.002  HE=0.135  EX=0.195  SE=0.066
  epoch 199/200  loss=0.6111  val[mean=0.097]  MA=0.002  HE=0.141  EX=0.179  SE=0.066
  epoch 200/200  loss=0.5819  val[mean=0.098]  MA=0.002  HE=0.144  EX=0.175  SE=0.070

[info] best val mean-Dice 0.149 @ epoch 99; loading checkpoints_s34/gcg_seed3.pt

=== TEST (held-out, best checkpoint) ===
  Dice [mean=0.390]   MA=0.410  HE=0.401  EX=0.626  SE=0.122
  IoU  [mean=0.257]   MA=0.258  HE=0.251  EX=0.455  SE=0.065

OK: train/val/test separated; focal-tversky loss; best checkpoint scored on test.
[info] wrote results -> experiments_pretrained_s34/gcg_seed3.json

[2/4] === gcg_seed4 ===
  /home/users/dongye/Oculomics/.venv/bin/python /home/users/dongye/Oculomics/train_idrid.py --arch gcg_unet --seed 4 --epochs 200 --batch-size 4 --lr 0.002 --loss focal_tversky --lesions MA HE EX SE --num-workers 2 --ckpt-dir checkpoints_s34 --run-name gcg_seed4 --results-json experiments_pretrained_s34/gcg_seed4.json --gcg-variant baseline --patch-size 512 --eval-tiled --pretrained
Warning: Looks like you're using an outdated `kagglehub` version (installed: 0.3.13), please consider upgrading to the latest version (1.0.2).
[info] dist   : single-process
[info] device : cuda
[info] lesions: ['MA', 'HE', 'EX', 'SE']  (C=4)   loss=focal_tversky
[info] splits : train=43 val=11 test=27
[info] train  : patch 512px native-res   eval=tiled native-res
[info] ckpt   : checkpoints_s34/gcg_seed4.pt
[info] model  : GCG-U-Net (MobileNetV3) gcg=baseline, 6.84M params
[info] batch  : physical=4 x accum=1 x gpus=1 -> effective=4   amp=off

=== training 200 epochs (val for selection) ===
  epoch  1/200  loss=0.9690  val[mean=0.019]  MA=0.002  HE=0.054  EX=0.013  SE=0.006  <- best (saved)
  epoch  2/200  loss=0.9428  val[mean=0.010]  MA=0.002  HE=0.024  EX=0.012  SE=0.002
  epoch  3/200  loss=0.9444  val[mean=0.010]  MA=0.002  HE=0.026  EX=0.011  SE=0.001
  epoch  4/200  loss=0.9278  val[mean=0.013]  MA=0.002  HE=0.028  EX=0.018  SE=0.003
  epoch  5/200  loss=0.9234  val[mean=0.012]  MA=0.002  HE=0.025  EX=0.022  SE=0.000
  epoch  6/200  loss=0.9192  val[mean=0.019]  MA=0.002  HE=0.024  EX=0.049  SE=0.002  <- best (saved)
  epoch  7/200  loss=0.9075  val[mean=0.011]  MA=0.002  HE=0.023  EX=0.017  SE=0.001
  epoch  8/200  loss=0.9043  val[mean=0.012]  MA=0.002  HE=0.029  EX=0.016  SE=0.000
  epoch  9/200  loss=0.9372  val[mean=0.015]  MA=0.003  HE=0.026  EX=0.032  SE=0.000
  epoch 10/200  loss=0.9158  val[mean=0.016]  MA=0.003  HE=0.027  EX=0.023  SE=0.011
  epoch 11/200  loss=0.8874  val[mean=0.012]  MA=0.002  HE=0.023  EX=0.016  SE=0.009
  epoch 12/200  loss=0.8873  val[mean=0.006]  MA=0.001  HE=0.006  EX=0.012  SE=0.005
  epoch 13/200  loss=0.8826  val[mean=0.019]  MA=0.002  HE=0.032  EX=0.029  SE=0.011
  epoch 14/200  loss=0.8733  val[mean=0.030]  MA=0.002  HE=0.022  EX=0.056  SE=0.040  <- best (saved)
  epoch 15/200  loss=0.8725  val[mean=0.027]  MA=0.002  HE=0.024  EX=0.061  SE=0.020
  epoch 16/200  loss=0.8545  val[mean=0.042]  MA=0.003  HE=0.034  EX=0.103  SE=0.029  <- best (saved)
  epoch 17/200  loss=0.8432  val[mean=0.053]  MA=0.002  HE=0.061  EX=0.115  SE=0.033  <- best (saved)
  epoch 18/200  loss=0.8526  val[mean=0.031]  MA=0.002  HE=0.043  EX=0.056  SE=0.023
  epoch 19/200  loss=0.8645  val[mean=0.038]  MA=0.002  HE=0.075  EX=0.055  SE=0.019
  epoch 20/200  loss=0.8720  val[mean=0.022]  MA=0.002  HE=0.028  EX=0.045  SE=0.014
  epoch 21/200  loss=0.8407  val[mean=0.037]  MA=0.002  HE=0.035  EX=0.090  SE=0.021
  epoch 22/200  loss=0.8375  val[mean=0.033]  MA=0.003  HE=0.043  EX=0.065  SE=0.022
  epoch 23/200  loss=0.8070  val[mean=0.030]  MA=0.003  HE=0.046  EX=0.061  SE=0.011
  epoch 24/200  loss=0.8366  val[mean=0.039]  MA=0.003  HE=0.071  EX=0.063  SE=0.017
  epoch 25/200  loss=0.8592  val[mean=0.037]  MA=0.003  HE=0.070  EX=0.060  SE=0.016
  epoch 26/200  loss=0.7954  val[mean=0.035]  MA=0.001  HE=0.096  EX=0.031  SE=0.011
  epoch 27/200  loss=0.8090  val[mean=0.032]  MA=0.002  HE=0.040  EX=0.065  SE=0.022
  epoch 28/200  loss=0.8497  val[mean=0.040]  MA=0.003  HE=0.049  EX=0.075  SE=0.033
  epoch 29/200  loss=0.8012  val[mean=0.076]  MA=0.004  HE=0.111  EX=0.171  SE=0.019  <- best (saved)
  epoch 30/200  loss=0.8084  val[mean=0.050]  MA=0.005  HE=0.102  EX=0.072  SE=0.021
  epoch 31/200  loss=0.7678  val[mean=0.067]  MA=0.003  HE=0.061  EX=0.172  SE=0.030
  epoch 32/200  loss=0.7762  val[mean=0.053]  MA=0.003  HE=0.050  EX=0.139  SE=0.021
  epoch 33/200  loss=0.7344  val[mean=0.043]  MA=0.003  HE=0.063  EX=0.089  SE=0.017
  epoch 34/200  loss=0.8096  val[mean=0.042]  MA=0.002  HE=0.059  EX=0.094  SE=0.012
  epoch 35/200  loss=0.7514  val[mean=0.062]  MA=0.004  HE=0.058  EX=0.171  SE=0.016
  epoch 36/200  loss=0.7557  val[mean=0.040]  MA=0.004  HE=0.050  EX=0.103  SE=0.003
  epoch 37/200  loss=0.7618  val[mean=0.020]  MA=0.004  HE=0.054  EX=0.014  SE=0.007
  epoch 38/200  loss=0.7959  val[mean=0.046]  MA=0.001  HE=0.088  EX=0.033  SE=0.062
  epoch 39/200  loss=0.7437  val[mean=0.080]  MA=0.004  HE=0.052  EX=0.200  SE=0.065  <- best (saved)
  epoch 40/200  loss=0.7487  val[mean=0.075]  MA=0.004  HE=0.083  EX=0.188  SE=0.024
  epoch 41/200  loss=0.7456  val[mean=0.066]  MA=0.004  HE=0.083  EX=0.164  SE=0.015
  epoch 42/200  loss=0.7729  val[mean=0.088]  MA=0.003  HE=0.078  EX=0.257  SE=0.013  <- best (saved)
  epoch 43/200  loss=0.7704  val[mean=0.097]  MA=0.003  HE=0.106  EX=0.265  SE=0.014  <- best (saved)
  epoch 44/200  loss=0.7382  val[mean=0.096]  MA=0.002  HE=0.091  EX=0.278  SE=0.013
  epoch 45/200  loss=0.7485  val[mean=0.091]  MA=0.006  HE=0.110  EX=0.235  SE=0.013
  epoch 46/200  loss=0.7340  val[mean=0.090]  MA=0.000  HE=0.187  EX=0.148  SE=0.025
  epoch 47/200  loss=0.7435  val[mean=0.073]  MA=0.005  HE=0.054  EX=0.200  SE=0.035
  epoch 48/200  loss=0.7551  val[mean=0.079]  MA=0.005  HE=0.069  EX=0.227  SE=0.015
  epoch 49/200  loss=0.7470  val[mean=0.085]  MA=0.003  HE=0.086  EX=0.238  SE=0.013
  epoch 50/200  loss=0.7263  val[mean=0.073]  MA=0.000  HE=0.190  EX=0.083  SE=0.019
  epoch 51/200  loss=0.6973  val[mean=0.087]  MA=0.000  HE=0.203  EX=0.111  SE=0.031
  epoch 52/200  loss=0.6964  val[mean=0.095]  MA=0.001  HE=0.080  EX=0.236  SE=0.064
  epoch 53/200  loss=0.7312  val[mean=0.062]  MA=0.003  HE=0.100  EX=0.138  SE=0.008
  epoch 54/200  loss=0.7226  val[mean=0.064]  MA=0.004  HE=0.134  EX=0.119  SE=0.001
  epoch 55/200  loss=0.7435  val[mean=0.088]  MA=0.000  HE=0.191  EX=0.155  SE=0.008
  epoch 56/200  loss=0.7294  val[mean=0.115]  MA=0.000  HE=0.156  EX=0.282  SE=0.023  <- best (saved)
  epoch 57/200  loss=0.6873  val[mean=0.121]  MA=0.002  HE=0.132  EX=0.325  SE=0.026  <- best (saved)
  epoch 58/200  loss=0.6778  val[mean=0.118]  MA=0.004  HE=0.142  EX=0.282  SE=0.046
  epoch 59/200  loss=0.7127  val[mean=0.119]  MA=0.004  HE=0.178  EX=0.275  SE=0.019
  epoch 60/200  loss=0.6785  val[mean=0.090]  MA=0.000  HE=0.170  EX=0.172  SE=0.018
  epoch 61/200  loss=0.6970  val[mean=0.122]  MA=0.000  HE=0.215  EX=0.258  SE=0.014  <- best (saved)
  epoch 62/200  loss=0.6563  val[mean=0.139]  MA=0.003  HE=0.277  EX=0.261  SE=0.015  <- best (saved)
  epoch 63/200  loss=0.7042  val[mean=0.124]  MA=0.003  HE=0.251  EX=0.216  SE=0.027
  epoch 64/200  loss=0.6928  val[mean=0.116]  MA=0.003  HE=0.195  EX=0.195  SE=0.071
  epoch 65/200  loss=0.7334  val[mean=0.089]  MA=0.002  HE=0.177  EX=0.125  SE=0.053
  epoch 66/200  loss=0.7006  val[mean=0.053]  MA=0.003  HE=0.078  EX=0.093  SE=0.036
  epoch 67/200  loss=0.7018  val[mean=0.072]  MA=0.005  HE=0.115  EX=0.122  SE=0.047
  epoch 68/200  loss=0.6853  val[mean=0.099]  MA=0.002  HE=0.181  EX=0.173  SE=0.041
  epoch 69/200  loss=0.6761  val[mean=0.097]  MA=0.002  HE=0.189  EX=0.169  SE=0.029
  epoch 70/200  loss=0.6612  val[mean=0.092]  MA=0.001  HE=0.164  EX=0.183  SE=0.019
  epoch 71/200  loss=0.6731  val[mean=0.077]  MA=0.000  HE=0.119  EX=0.177  SE=0.009
  epoch 72/200  loss=0.6729  val[mean=0.085]  MA=0.006  HE=0.172  EX=0.159  SE=0.004
  epoch 73/200  loss=0.6845  val[mean=0.114]  MA=0.002  HE=0.221  EX=0.214  SE=0.018
  epoch 74/200  loss=0.6744  val[mean=0.149]  MA=0.001  HE=0.294  EX=0.276  SE=0.026  <- best (saved)
  epoch 75/200  loss=0.6572  val[mean=0.125]  MA=0.002  HE=0.245  EX=0.248  SE=0.006
  epoch 76/200  loss=0.6390  val[mean=0.096]  MA=0.003  HE=0.181  EX=0.200  SE=0.000
  epoch 77/200  loss=0.6739  val[mean=0.104]  MA=0.001  HE=0.174  EX=0.239  SE=0.001
  epoch 78/200  loss=0.6836  val[mean=0.114]  MA=0.002  HE=0.212  EX=0.241  SE=0.002
  epoch 79/200  loss=0.6324  val[mean=0.123]  MA=0.003  HE=0.213  EX=0.270  SE=0.008
  epoch 80/200  loss=0.6422  val[mean=0.135]  MA=0.003  HE=0.204  EX=0.309  SE=0.022
  epoch 81/200  loss=0.6368  val[mean=0.146]  MA=0.002  HE=0.272  EX=0.288  SE=0.023
  epoch 82/200  loss=0.6753  val[mean=0.130]  MA=0.002  HE=0.201  EX=0.294  SE=0.024
  epoch 83/200  loss=0.6126  val[mean=0.134]  MA=0.006  HE=0.266  EX=0.241  SE=0.023
  epoch 84/200  loss=0.6020  val[mean=0.151]  MA=0.001  HE=0.288  EX=0.272  SE=0.042  <- best (saved)
  epoch 85/200  loss=0.6420  val[mean=0.160]  MA=0.000  HE=0.313  EX=0.279  SE=0.046  <- best (saved)
  epoch 86/200  loss=0.6294  val[mean=0.153]  MA=0.002  HE=0.272  EX=0.278  SE=0.061
  epoch 87/200  loss=0.6363  val[mean=0.153]  MA=0.013  HE=0.270  EX=0.294  SE=0.037
  epoch 88/200  loss=0.6725  val[mean=0.138]  MA=0.003  HE=0.221  EX=0.297  SE=0.029
  epoch 89/200  loss=0.6637  val[mean=0.137]  MA=0.004  HE=0.263  EX=0.233  SE=0.047
  epoch 90/200  loss=0.6489  val[mean=0.108]  MA=0.000  HE=0.169  EX=0.216  SE=0.045
  epoch 91/200  loss=0.6408  val[mean=0.120]  MA=0.000  HE=0.114  EX=0.311  SE=0.057
  epoch 92/200  loss=0.6402  val[mean=0.160]  MA=0.000  HE=0.236  EX=0.342  SE=0.062  <- best (saved)
  epoch 93/200  loss=0.6613  val[mean=0.132]  MA=0.000  HE=0.205  EX=0.271  SE=0.052
  epoch 94/200  loss=0.6727  val[mean=0.066]  MA=0.000  HE=0.104  EX=0.138  SE=0.023
  epoch 95/200  loss=0.6528  val[mean=0.078]  MA=0.000  HE=0.163  EX=0.123  SE=0.025
  epoch 96/200  loss=0.6664  val[mean=0.133]  MA=0.001  HE=0.219  EX=0.282  SE=0.029
  epoch 97/200  loss=0.6570  val[mean=0.147]  MA=0.002  HE=0.238  EX=0.276  SE=0.071
  epoch 98/200  loss=0.6380  val[mean=0.149]  MA=0.003  HE=0.242  EX=0.298  SE=0.055
  epoch 99/200  loss=0.6387  val[mean=0.139]  MA=0.003  HE=0.203  EX=0.305  SE=0.044
  epoch 100/200  loss=0.6239  val[mean=0.135]  MA=0.001  HE=0.200  EX=0.320  SE=0.018
  epoch 101/200  loss=0.6516  val[mean=0.151]  MA=0.001  HE=0.231  EX=0.320  SE=0.052
  epoch 102/200  loss=0.6272  val[mean=0.156]  MA=0.000  HE=0.259  EX=0.318  SE=0.048
  epoch 103/200  loss=0.5787  val[mean=0.150]  MA=0.000  HE=0.211  EX=0.340  SE=0.050
  epoch 104/200  loss=0.6756  val[mean=0.105]  MA=0.000  HE=0.102  EX=0.277  SE=0.041
  epoch 105/200  loss=0.6407  val[mean=0.089]  MA=0.000  HE=0.096  EX=0.219  SE=0.041
  epoch 106/200  loss=0.6009  val[mean=0.107]  MA=0.001  HE=0.151  EX=0.227  SE=0.049
  epoch 107/200  loss=0.6226  val[mean=0.127]  MA=0.000  HE=0.151  EX=0.307  SE=0.052
  epoch 108/200  loss=0.6503  val[mean=0.135]  MA=0.000  HE=0.169  EX=0.310  SE=0.061
  epoch 109/200  loss=0.6286  val[mean=0.149]  MA=0.001  HE=0.246  EX=0.296  SE=0.051
  epoch 110/200  loss=0.6565  val[mean=0.154]  MA=0.001  HE=0.266  EX=0.308  SE=0.043
  epoch 111/200  loss=0.6606  val[mean=0.160]  MA=0.001  HE=0.260  EX=0.341  SE=0.040  <- best (saved)
  epoch 112/200  loss=0.5981  val[mean=0.155]  MA=0.001  HE=0.250  EX=0.331  SE=0.037
  epoch 113/200  loss=0.6610  val[mean=0.148]  MA=0.000  HE=0.230  EX=0.346  SE=0.017
  epoch 114/200  loss=0.5828  val[mean=0.150]  MA=0.001  HE=0.229  EX=0.351  SE=0.019
  epoch 115/200  loss=0.6162  val[mean=0.148]  MA=0.001  HE=0.240  EX=0.335  SE=0.017
  epoch 116/200  loss=0.5706  val[mean=0.146]  MA=0.002  HE=0.246  EX=0.329  SE=0.006
  epoch 117/200  loss=0.6289  val[mean=0.159]  MA=0.002  HE=0.272  EX=0.350  SE=0.012
  epoch 118/200  loss=0.5838  val[mean=0.150]  MA=0.002  HE=0.299  EX=0.297  SE=0.002
  epoch 119/200  loss=0.5708  val[mean=0.141]  MA=0.003  HE=0.256  EX=0.301  SE=0.006
  epoch 120/200  loss=0.6155  val[mean=0.170]  MA=0.002  HE=0.259  EX=0.377  SE=0.040  <- best (saved)
  epoch 121/200  loss=0.6214  val[mean=0.170]  MA=0.002  HE=0.278  EX=0.356  SE=0.044  <- best (saved)
  epoch 122/200  loss=0.5992  val[mean=0.174]  MA=0.001  HE=0.264  EX=0.393  SE=0.038  <- best (saved)
  epoch 123/200  loss=0.5872  val[mean=0.149]  MA=0.001  HE=0.200  EX=0.370  SE=0.025
  epoch 124/200  loss=0.6103  val[mean=0.139]  MA=0.001  HE=0.199  EX=0.349  SE=0.006
  epoch 125/200  loss=0.6264  val[mean=0.140]  MA=0.002  HE=0.197  EX=0.341  SE=0.021
  epoch 126/200  loss=0.6364  val[mean=0.136]  MA=0.001  HE=0.207  EX=0.311  SE=0.026
  epoch 127/200  loss=0.6186  val[mean=0.146]  MA=0.001  HE=0.255  EX=0.312  SE=0.015
  epoch 128/200  loss=0.6245  val[mean=0.138]  MA=0.001  HE=0.251  EX=0.299  SE=0.000
  epoch 129/200  loss=0.6329  val[mean=0.130]  MA=0.001  HE=0.246  EX=0.275  SE=0.000
  epoch 130/200  loss=0.6077  val[mean=0.131]  MA=0.000  HE=0.215  EX=0.310  SE=0.000
  epoch 131/200  loss=0.6117  val[mean=0.117]  MA=0.000  HE=0.173  EX=0.293  SE=0.000
  epoch 132/200  loss=0.6205  val[mean=0.121]  MA=0.000  HE=0.192  EX=0.292  SE=0.000
  epoch 133/200  loss=0.6065  val[mean=0.140]  MA=0.002  HE=0.230  EX=0.327  SE=0.000
  epoch 134/200  loss=0.6037  val[mean=0.150]  MA=0.003  HE=0.234  EX=0.361  SE=0.000
  epoch 135/200  loss=0.6166  val[mean=0.146]  MA=0.001  HE=0.220  EX=0.359  SE=0.004
  epoch 136/200  loss=0.5652  val[mean=0.139]  MA=0.001  HE=0.222  EX=0.333  SE=0.000
  epoch 137/200  loss=0.6237  val[mean=0.130]  MA=0.001  HE=0.213  EX=0.307  SE=0.000
  epoch 138/200  loss=0.5979  val[mean=0.133]  MA=0.000  HE=0.214  EX=0.316  SE=0.000
  epoch 139/200  loss=0.6886  val[mean=0.123]  MA=0.001  HE=0.251  EX=0.240  SE=0.000
  epoch 140/200  loss=0.6021  val[mean=0.116]  MA=0.001  HE=0.222  EX=0.243  SE=0.000
  epoch 141/200  loss=0.5418  val[mean=0.129]  MA=0.001  HE=0.214  EX=0.299  SE=0.000
  epoch 142/200  loss=0.5701  val[mean=0.131]  MA=0.001  HE=0.212  EX=0.312  SE=0.000
  epoch 143/200  loss=0.5783  val[mean=0.127]  MA=0.001  HE=0.211  EX=0.298  SE=0.000
  epoch 144/200  loss=0.5326  val[mean=0.122]  MA=0.001  HE=0.198  EX=0.290  SE=0.000
  epoch 145/200  loss=0.6391  val[mean=0.124]  MA=0.001  HE=0.211  EX=0.283  SE=0.000
  epoch 146/200  loss=0.5430  val[mean=0.132]  MA=0.002  HE=0.233  EX=0.294  SE=0.000
  epoch 147/200  loss=0.5884  val[mean=0.136]  MA=0.003  HE=0.244  EX=0.297  SE=0.000
  epoch 148/200  loss=0.5572  val[mean=0.140]  MA=0.002  HE=0.261  EX=0.295  SE=0.000
  epoch 149/200  loss=0.5511  val[mean=0.139]  MA=0.002  HE=0.266  EX=0.287  SE=0.000
  epoch 150/200  loss=0.6021  val[mean=0.139]  MA=0.002  HE=0.261  EX=0.293  SE=0.000
  epoch 151/200  loss=0.6297  val[mean=0.135]  MA=0.003  HE=0.251  EX=0.286  SE=0.000
  epoch 152/200  loss=0.5324  val[mean=0.133]  MA=0.002  HE=0.246  EX=0.283  SE=0.000
  epoch 153/200  loss=0.5964  val[mean=0.127]  MA=0.002  HE=0.236  EX=0.269  SE=0.000
  epoch 154/200  loss=0.5730  val[mean=0.129]  MA=0.002  HE=0.229  EX=0.286  SE=0.000
  epoch 155/200  loss=0.6196  val[mean=0.129]  MA=0.002  HE=0.217  EX=0.295  SE=0.000
  epoch 156/200  loss=0.5588  val[mean=0.131]  MA=0.002  HE=0.236  EX=0.286  SE=0.000
  epoch 157/200  loss=0.5430  val[mean=0.135]  MA=0.002  HE=0.251  EX=0.287  SE=0.000
  epoch 158/200  loss=0.5576  val[mean=0.140]  MA=0.002  HE=0.254  EX=0.305  SE=0.000
  epoch 159/200  loss=0.5782  val[mean=0.142]  MA=0.003  HE=0.254  EX=0.312  SE=0.000
  epoch 160/200  loss=0.5790  val[mean=0.142]  MA=0.002  HE=0.238  EX=0.329  SE=0.000
  epoch 161/200  loss=0.6348  val[mean=0.141]  MA=0.001  HE=0.248  EX=0.315  SE=0.000
  epoch 162/200  loss=0.6142  val[mean=0.148]  MA=0.002  HE=0.261  EX=0.329  SE=0.000
  epoch 163/200  loss=0.5732  val[mean=0.149]  MA=0.003  HE=0.264  EX=0.329  SE=0.000
  epoch 164/200  loss=0.5790  val[mean=0.148]  MA=0.004  HE=0.271  EX=0.318  SE=0.000
  epoch 165/200  loss=0.5468  val[mean=0.151]  MA=0.004  HE=0.282  EX=0.317  SE=0.000
  epoch 166/200  loss=0.5595  val[mean=0.148]  MA=0.004  HE=0.280  EX=0.309  SE=0.001
  epoch 167/200  loss=0.5475  val[mean=0.146]  MA=0.004  HE=0.270  EX=0.310  SE=0.000
  epoch 168/200  loss=0.5977  val[mean=0.145]  MA=0.004  HE=0.264  EX=0.313  SE=0.000
  epoch 169/200  loss=0.5419  val[mean=0.144]  MA=0.004  HE=0.271  EX=0.302  SE=0.000
  epoch 170/200  loss=0.5176  val[mean=0.138]  MA=0.004  HE=0.267  EX=0.282  SE=0.000
  epoch 171/200  loss=0.5605  val[mean=0.134]  MA=0.004  HE=0.260  EX=0.273  SE=0.000
  epoch 172/200  loss=0.6117  val[mean=0.135]  MA=0.004  HE=0.259  EX=0.278  SE=0.000
  epoch 173/200  loss=0.6013  val[mean=0.137]  MA=0.004  HE=0.256  EX=0.290  SE=0.000
  epoch 174/200  loss=0.6091  val[mean=0.134]  MA=0.003  HE=0.238  EX=0.293  SE=0.000
  epoch 175/200  loss=0.5804  val[mean=0.133]  MA=0.002  HE=0.231  EX=0.297  SE=0.000
  epoch 176/200  loss=0.6227  val[mean=0.133]  MA=0.002  HE=0.231  EX=0.298  SE=0.000
  epoch 177/200  loss=0.5171  val[mean=0.137]  MA=0.002  HE=0.240  EX=0.306  SE=0.000
  epoch 178/200  loss=0.6052  val[mean=0.140]  MA=0.002  HE=0.249  EX=0.310  SE=0.000
  epoch 179/200  loss=0.5830  val[mean=0.140]  MA=0.003  HE=0.253  EX=0.305  SE=0.000
  epoch 180/200  loss=0.5486  val[mean=0.141]  MA=0.003  HE=0.252  EX=0.307  SE=0.000
  epoch 181/200  loss=0.6210  val[mean=0.141]  MA=0.003  HE=0.249  EX=0.312  SE=0.000
  epoch 182/200  loss=0.5170  val[mean=0.143]  MA=0.003  HE=0.246  EX=0.322  SE=0.000
  epoch 183/200  loss=0.5975  val[mean=0.145]  MA=0.003  HE=0.250  EX=0.327  SE=0.000
  epoch 184/200  loss=0.5372  val[mean=0.144]  MA=0.003  HE=0.250  EX=0.321  SE=0.000
  epoch 185/200  loss=0.5865  val[mean=0.143]  MA=0.003  HE=0.250  EX=0.317  SE=0.000
  epoch 186/200  loss=0.5755  val[mean=0.143]  MA=0.004  HE=0.255  EX=0.315  SE=0.000
  epoch 187/200  loss=0.6343  val[mean=0.143]  MA=0.004  HE=0.255  EX=0.312  SE=0.000
  epoch 188/200  loss=0.5369  val[mean=0.143]  MA=0.004  HE=0.257  EX=0.313  SE=0.000
  epoch 189/200  loss=0.5441  val[mean=0.143]  MA=0.003  HE=0.252  EX=0.316  SE=0.000
  epoch 190/200  loss=0.5238  val[mean=0.143]  MA=0.003  HE=0.252  EX=0.318  SE=0.000
  epoch 191/200  loss=0.5601  val[mean=0.144]  MA=0.003  HE=0.252  EX=0.319  SE=0.000
  epoch 192/200  loss=0.5922  val[mean=0.143]  MA=0.003  HE=0.249  EX=0.320  SE=0.000
  epoch 193/200  loss=0.6007  val[mean=0.142]  MA=0.003  HE=0.243  EX=0.322  SE=0.000
  epoch 194/200  loss=0.5998  val[mean=0.141]  MA=0.003  HE=0.242  EX=0.319  SE=0.000
  epoch 195/200  loss=0.5945  val[mean=0.144]  MA=0.004  HE=0.254  EX=0.319  SE=0.000
  epoch 196/200  loss=0.5834  val[mean=0.145]  MA=0.003  HE=0.256  EX=0.318  SE=0.000
  epoch 197/200  loss=0.5454  val[mean=0.143]  MA=0.003  HE=0.251  EX=0.316  SE=0.000
  epoch 198/200  loss=0.6078  val[mean=0.142]  MA=0.003  HE=0.250  EX=0.313  SE=0.000
  epoch 199/200  loss=0.5775  val[mean=0.144]  MA=0.003  HE=0.252  EX=0.320  SE=0.000
  epoch 200/200  loss=0.5617  val[mean=0.144]  MA=0.003  HE=0.254  EX=0.320  SE=0.000

[info] best val mean-Dice 0.174 @ epoch 122; loading checkpoints_s34/gcg_seed4.pt

=== TEST (held-out, best checkpoint) ===
  Dice [mean=0.425]   MA=0.423  HE=0.443  EX=0.630  SE=0.202
  IoU  [mean=0.281]   MA=0.268  HE=0.284  EX=0.460  SE=0.112

OK: train/val/test separated; focal-tversky loss; best checkpoint scored on test.
[info] wrote results -> experiments_pretrained_s34/gcg_seed4.json

[3/4] === nogcg_seed3 ===
  /home/users/dongye/Oculomics/.venv/bin/python /home/users/dongye/Oculomics/train_idrid.py --arch gcg_unet --seed 3 --epochs 200 --batch-size 4 --lr 0.002 --loss focal_tversky --lesions MA HE EX SE --num-workers 2 --ckpt-dir checkpoints_s34 --run-name nogcg_seed3 --results-json experiments_pretrained_s34/nogcg_seed3.json --gcg-variant baseline --patch-size 512 --eval-tiled --pretrained --no-gcg
Warning: Looks like you're using an outdated `kagglehub` version (installed: 0.3.13), please consider upgrading to the latest version (1.0.2).
[info] dist   : single-process
[info] device : cuda
[info] lesions: ['MA', 'HE', 'EX', 'SE']  (C=4)   loss=focal_tversky
[info] splits : train=43 val=11 test=27
[info] train  : patch 512px native-res   eval=tiled native-res
[info] ckpt   : checkpoints_s34/nogcg_seed3.pt
[info] model  : GCG-U-Net (MobileNetV3) gcg=off, 6.69M params
[info] batch  : physical=4 x accum=1 x gpus=1 -> effective=4   amp=off

=== training 200 epochs (val for selection) ===
  epoch  1/200  loss=0.9477  val[mean=0.007]  MA=0.001  HE=0.011  EX=0.014  SE=0.002  <- best (saved)
  epoch  2/200  loss=0.9438  val[mean=0.011]  MA=0.001  HE=0.012  EX=0.025  SE=0.004  <- best (saved)
  epoch  3/200  loss=0.9433  val[mean=0.010]  MA=0.001  HE=0.012  EX=0.022  SE=0.003
  epoch  4/200  loss=0.9406  val[mean=0.006]  MA=0.001  HE=0.006  EX=0.014  SE=0.003
  epoch  5/200  loss=0.9430  val[mean=0.006]  MA=0.002  HE=0.006  EX=0.012  SE=0.002
  epoch  6/200  loss=0.9324  val[mean=0.004]  MA=0.000  HE=0.004  EX=0.010  SE=0.002
  epoch  7/200  loss=0.9394  val[mean=0.005]  MA=0.000  HE=0.005  EX=0.011  SE=0.002
  epoch  8/200  loss=0.9342  val[mean=0.007]  MA=0.000  HE=0.014  EX=0.013  SE=0.003
  epoch  9/200  loss=0.9074  val[mean=0.003]  MA=0.000  HE=0.000  EX=0.010  SE=0.002
  epoch 10/200  loss=0.9189  val[mean=0.004]  MA=0.000  HE=0.002  EX=0.011  SE=0.003
  epoch 11/200  loss=0.8986  val[mean=0.003]  MA=0.000  HE=0.000  EX=0.010  SE=0.003
  epoch 12/200  loss=0.8920  val[mean=0.008]  MA=0.001  HE=0.008  EX=0.019  SE=0.005
  epoch 13/200  loss=0.8770  val[mean=0.008]  MA=0.002  HE=0.010  EX=0.017  SE=0.004
  epoch 14/200  loss=0.8769  val[mean=0.008]  MA=0.002  HE=0.015  EX=0.013  SE=0.004
  epoch 15/200  loss=0.8941  val[mean=0.013]  MA=0.002  HE=0.011  EX=0.031  SE=0.007  <- best (saved)
  epoch 16/200  loss=0.8831  val[mean=0.009]  MA=0.001  HE=0.013  EX=0.017  SE=0.005
  epoch 17/200  loss=0.8575  val[mean=0.037]  MA=0.002  HE=0.011  EX=0.080  SE=0.054  <- best (saved)
  epoch 18/200  loss=0.8650  val[mean=0.008]  MA=0.002  HE=0.016  EX=0.011  SE=0.003
  epoch 19/200  loss=0.8606  val[mean=0.025]  MA=0.001  HE=0.012  EX=0.066  SE=0.020
  epoch 20/200  loss=0.8437  val[mean=0.008]  MA=0.002  HE=0.018  EX=0.009  SE=0.003
  epoch 21/200  loss=0.8237  val[mean=0.003]  MA=0.000  HE=0.001  EX=0.010  SE=0.002
  epoch 22/200  loss=0.8579  val[mean=0.024]  MA=0.002  HE=0.011  EX=0.084  SE=0.000
  epoch 23/200  loss=0.8413  val[mean=0.005]  MA=0.000  HE=0.006  EX=0.010  SE=0.002
  epoch 24/200  loss=0.7953  val[mean=0.015]  MA=0.001  HE=0.010  EX=0.046  SE=0.002
  epoch 25/200  loss=0.8300  val[mean=0.011]  MA=0.001  HE=0.008  EX=0.028  SE=0.006
  epoch 26/200  loss=0.8061  val[mean=0.010]  MA=0.001  HE=0.014  EX=0.021  SE=0.006
  epoch 27/200  loss=0.8358  val[mean=0.018]  MA=0.001  HE=0.012  EX=0.052  SE=0.006
  epoch 28/200  loss=0.8042  val[mean=0.011]  MA=0.001  HE=0.013  EX=0.027  SE=0.003
  epoch 29/200  loss=0.8163  val[mean=0.009]  MA=0.001  HE=0.011  EX=0.018  SE=0.004
  epoch 30/200  loss=0.8523  val[mean=0.007]  MA=0.002  HE=0.012  EX=0.011  SE=0.003
  epoch 31/200  loss=0.8188  val[mean=0.023]  MA=0.002  HE=0.016  EX=0.063  SE=0.013
  epoch 32/200  loss=0.8334  val[mean=0.010]  MA=0.002  HE=0.017  EX=0.016  SE=0.003
  epoch 33/200  loss=0.7948  val[mean=0.009]  MA=0.002  HE=0.015  EX=0.015  SE=0.003
  epoch 34/200  loss=0.8212  val[mean=0.034]  MA=0.001  HE=0.013  EX=0.103  SE=0.020
  epoch 35/200  loss=0.7509  val[mean=0.021]  MA=0.001  HE=0.012  EX=0.065  SE=0.008
  epoch 36/200  loss=0.7939  val[mean=0.013]  MA=0.002  HE=0.019  EX=0.025  SE=0.007
  epoch 37/200  loss=0.8126  val[mean=0.024]  MA=0.003  HE=0.031  EX=0.049  SE=0.014
  epoch 38/200  loss=0.7811  val[mean=0.019]  MA=0.001  HE=0.048  EX=0.022  SE=0.006
  epoch 39/200  loss=0.7781  val[mean=0.019]  MA=0.000  HE=0.048  EX=0.021  SE=0.005
  epoch 40/200  loss=0.7579  val[mean=0.018]  MA=0.000  HE=0.048  EX=0.019  SE=0.005
  epoch 41/200  loss=0.7387  val[mean=0.026]  MA=0.004  HE=0.082  EX=0.016  SE=0.004
  epoch 42/200  loss=0.7473  val[mean=0.024]  MA=0.002  HE=0.037  EX=0.045  SE=0.011
  epoch 43/200  loss=0.7600  val[mean=0.056]  MA=0.007  HE=0.112  EX=0.086  SE=0.020  <- best (saved)
  epoch 44/200  loss=0.7188  val[mean=0.016]  MA=0.004  HE=0.040  EX=0.017  SE=0.003
  epoch 45/200  loss=0.7775  val[mean=0.033]  MA=0.000  HE=0.027  EX=0.090  SE=0.016
  epoch 46/200  loss=0.7372  val[mean=0.016]  MA=0.002  HE=0.042  EX=0.015  SE=0.004
  epoch 47/200  loss=0.7581  val[mean=0.047]  MA=0.004  HE=0.031  EX=0.128  SE=0.024
  epoch 48/200  loss=0.7423  val[mean=0.057]  MA=0.003  HE=0.087  EX=0.114  SE=0.021  <- best (saved)
  epoch 49/200  loss=0.7123  val[mean=0.039]  MA=0.003  HE=0.025  EX=0.111  SE=0.019
  epoch 50/200  loss=0.7506  val[mean=0.036]  MA=0.003  HE=0.025  EX=0.094  SE=0.022
  epoch 51/200  loss=0.7007  val[mean=0.070]  MA=0.003  HE=0.059  EX=0.175  SE=0.044  <- best (saved)
  epoch 52/200  loss=0.7031  val[mean=0.052]  MA=0.009  HE=0.081  EX=0.099  SE=0.022
  epoch 53/200  loss=0.7259  val[mean=0.047]  MA=0.010  HE=0.091  EX=0.074  SE=0.014
  epoch 54/200  loss=0.7188  val[mean=0.036]  MA=0.005  HE=0.045  EX=0.080  SE=0.016
  epoch 55/200  loss=0.7105  val[mean=0.052]  MA=0.005  HE=0.074  EX=0.111  SE=0.019
  epoch 56/200  loss=0.7161  val[mean=0.070]  MA=0.006  HE=0.088  EX=0.140  SE=0.045
  epoch 57/200  loss=0.7437  val[mean=0.061]  MA=0.004  HE=0.102  EX=0.106  SE=0.033
  epoch 58/200  loss=0.7272  val[mean=0.053]  MA=0.004  HE=0.076  EX=0.100  SE=0.032
  epoch 59/200  loss=0.7019  val[mean=0.057]  MA=0.004  HE=0.080  EX=0.115  SE=0.029
  epoch 60/200  loss=0.7392  val[mean=0.067]  MA=0.005  HE=0.121  EX=0.110  SE=0.031
  epoch 61/200  loss=0.6987  val[mean=0.057]  MA=0.003  HE=0.129  EX=0.073  SE=0.021
  epoch 62/200  loss=0.7214  val[mean=0.052]  MA=0.006  HE=0.098  EX=0.079  SE=0.023
  epoch 63/200  loss=0.6853  val[mean=0.049]  MA=0.004  HE=0.104  EX=0.067  SE=0.021
  epoch 64/200  loss=0.7464  val[mean=0.040]  MA=0.004  HE=0.083  EX=0.055  SE=0.015
  epoch 65/200  loss=0.7090  val[mean=0.035]  MA=0.003  HE=0.074  EX=0.050  SE=0.013
  epoch 66/200  loss=0.6633  val[mean=0.041]  MA=0.004  HE=0.073  EX=0.068  SE=0.017
  epoch 67/200  loss=0.6934  val[mean=0.053]  MA=0.004  HE=0.082  EX=0.099  SE=0.028
  epoch 68/200  loss=0.6334  val[mean=0.060]  MA=0.001  HE=0.115  EX=0.094  SE=0.028
  epoch 69/200  loss=0.6594  val[mean=0.076]  MA=0.001  HE=0.216  EX=0.063  SE=0.022  <- best (saved)
  epoch 70/200  loss=0.6941  val[mean=0.069]  MA=0.003  HE=0.160  EX=0.087  SE=0.025
  epoch 71/200  loss=0.6651  val[mean=0.099]  MA=0.002  HE=0.224  EX=0.137  SE=0.034  <- best (saved)
  epoch 72/200  loss=0.6655  val[mean=0.064]  MA=0.004  HE=0.123  EX=0.102  SE=0.027
  epoch 73/200  loss=0.6942  val[mean=0.071]  MA=0.003  HE=0.116  EX=0.120  SE=0.045
  epoch 74/200  loss=0.6341  val[mean=0.098]  MA=0.000  HE=0.198  EX=0.135  SE=0.059
  epoch 75/200  loss=0.6290  val[mean=0.112]  MA=0.000  HE=0.232  EX=0.150  SE=0.065  <- best (saved)
  epoch 76/200  loss=0.7172  val[mean=0.085]  MA=0.000  HE=0.190  EX=0.111  SE=0.037
  epoch 77/200  loss=0.6722  val[mean=0.075]  MA=0.000  HE=0.151  EX=0.118  SE=0.031
  epoch 78/200  loss=0.6683  val[mean=0.064]  MA=0.003  HE=0.089  EX=0.131  SE=0.032
  epoch 79/200  loss=0.6711  val[mean=0.087]  MA=0.002  HE=0.139  EX=0.157  SE=0.050
  epoch 80/200  loss=0.6470  val[mean=0.071]  MA=0.002  HE=0.118  EX=0.117  SE=0.046
  epoch 81/200  loss=0.6750  val[mean=0.046]  MA=0.002  HE=0.058  EX=0.095  SE=0.029
  epoch 82/200  loss=0.6617  val[mean=0.057]  MA=0.002  HE=0.087  EX=0.115  SE=0.022
  epoch 83/200  loss=0.6863  val[mean=0.084]  MA=0.003  HE=0.134  EX=0.158  SE=0.041
  epoch 84/200  loss=0.6211  val[mean=0.053]  MA=0.001  HE=0.107  EX=0.086  SE=0.018
  epoch 85/200  loss=0.7104  val[mean=0.040]  MA=0.002  HE=0.084  EX=0.060  SE=0.013
  epoch 86/200  loss=0.6499  val[mean=0.062]  MA=0.000  HE=0.173  EX=0.059  SE=0.016
  epoch 87/200  loss=0.6527  val[mean=0.100]  MA=0.000  HE=0.190  EX=0.170  SE=0.038
  epoch 88/200  loss=0.6372  val[mean=0.100]  MA=0.000  HE=0.194  EX=0.162  SE=0.042
  epoch 89/200  loss=0.6830  val[mean=0.103]  MA=0.000  HE=0.217  EX=0.150  SE=0.046
  epoch 90/200  loss=0.7101  val[mean=0.101]  MA=0.000  HE=0.223  EX=0.135  SE=0.044
  epoch 91/200  loss=0.6423  val[mean=0.089]  MA=0.001  HE=0.214  EX=0.110  SE=0.033
  epoch 92/200  loss=0.6777  val[mean=0.074]  MA=0.004  HE=0.196  EX=0.079  SE=0.018
  epoch 93/200  loss=0.6535  val[mean=0.091]  MA=0.004  HE=0.171  EX=0.144  SE=0.043
  epoch 94/200  loss=0.7446  val[mean=0.072]  MA=0.005  HE=0.090  EX=0.152  SE=0.041
  epoch 95/200  loss=0.6437  val[mean=0.051]  MA=0.005  HE=0.060  EX=0.133  SE=0.007
  epoch 96/200  loss=0.7011  val[mean=0.056]  MA=0.004  HE=0.061  EX=0.157  SE=0.003
  epoch 97/200  loss=0.6201  val[mean=0.074]  MA=0.007  HE=0.072  EX=0.194  SE=0.021
  epoch 98/200  loss=0.5879  val[mean=0.092]  MA=0.009  HE=0.087  EX=0.225  SE=0.049
  epoch 99/200  loss=0.6340  val[mean=0.072]  MA=0.006  HE=0.106  EX=0.146  SE=0.029
  epoch 100/200  loss=0.6643  val[mean=0.066]  MA=0.005  HE=0.102  EX=0.133  SE=0.024
  epoch 101/200  loss=0.6547  val[mean=0.046]  MA=0.000  HE=0.085  EX=0.081  SE=0.016
  epoch 102/200  loss=0.6219  val[mean=0.081]  MA=0.004  HE=0.191  EX=0.099  SE=0.032
  epoch 103/200  loss=0.6281  val[mean=0.085]  MA=0.003  HE=0.175  EX=0.122  SE=0.040
  epoch 104/200  loss=0.6865  val[mean=0.088]  MA=0.002  HE=0.182  EX=0.108  SE=0.061
  epoch 105/200  loss=0.6652  val[mean=0.084]  MA=0.001  HE=0.180  EX=0.103  SE=0.051
  epoch 106/200  loss=0.6349  val[mean=0.087]  MA=0.002  HE=0.178  EX=0.110  SE=0.058
  epoch 107/200  loss=0.6323  val[mean=0.091]  MA=0.002  HE=0.148  EX=0.158  SE=0.056
  epoch 108/200  loss=0.6719  val[mean=0.105]  MA=0.001  HE=0.162  EX=0.187  SE=0.070
  epoch 109/200  loss=0.6576  val[mean=0.111]  MA=0.001  HE=0.176  EX=0.184  SE=0.085
  epoch 110/200  loss=0.6572  val[mean=0.105]  MA=0.001  HE=0.185  EX=0.167  SE=0.067
  epoch 111/200  loss=0.6173  val[mean=0.120]  MA=0.000  HE=0.188  EX=0.230  SE=0.062  <- best (saved)
  epoch 112/200  loss=0.6452  val[mean=0.138]  MA=0.002  HE=0.208  EX=0.262  SE=0.080  <- best (saved)
  epoch 113/200  loss=0.6168  val[mean=0.132]  MA=0.001  HE=0.208  EX=0.204  SE=0.116
  epoch 114/200  loss=0.5599  val[mean=0.125]  MA=0.001  HE=0.201  EX=0.189  SE=0.107
  epoch 115/200  loss=0.6336  val[mean=0.134]  MA=0.000  HE=0.187  EX=0.247  SE=0.101
  epoch 116/200  loss=0.6340  val[mean=0.126]  MA=0.001  HE=0.187  EX=0.236  SE=0.080
  epoch 117/200  loss=0.6445  val[mean=0.103]  MA=0.001  HE=0.178  EX=0.177  SE=0.056
  epoch 118/200  loss=0.6452  val[mean=0.096]  MA=0.002  HE=0.181  EX=0.154  SE=0.048
  epoch 119/200  loss=0.6628  val[mean=0.084]  MA=0.005  HE=0.141  EX=0.145  SE=0.046
  epoch 120/200  loss=0.6153  val[mean=0.100]  MA=0.001  HE=0.189  EX=0.157  SE=0.055
  epoch 121/200  loss=0.6338  val[mean=0.095]  MA=0.000  HE=0.183  EX=0.142  SE=0.055
  epoch 122/200  loss=0.6494  val[mean=0.090]  MA=0.003  HE=0.183  EX=0.124  SE=0.050
  epoch 123/200  loss=0.6640  val[mean=0.085]  MA=0.002  HE=0.173  EX=0.127  SE=0.037
  epoch 124/200  loss=0.6467  val[mean=0.089]  MA=0.001  HE=0.179  EX=0.147  SE=0.029
  epoch 125/200  loss=0.6544  val[mean=0.100]  MA=0.000  HE=0.202  EX=0.155  SE=0.042
  epoch 126/200  loss=0.6174  val[mean=0.100]  MA=0.001  HE=0.202  EX=0.155  SE=0.043
  epoch 127/200  loss=0.5750  val[mean=0.095]  MA=0.001  HE=0.191  EX=0.150  SE=0.037
  epoch 128/200  loss=0.6134  val[mean=0.094]  MA=0.001  HE=0.189  EX=0.151  SE=0.036
  epoch 129/200  loss=0.6498  val[mean=0.117]  MA=0.001  HE=0.207  EX=0.225  SE=0.037
  epoch 130/200  loss=0.6058  val[mean=0.126]  MA=0.002  HE=0.201  EX=0.263  SE=0.035
  epoch 131/200  loss=0.6127  val[mean=0.125]  MA=0.002  HE=0.197  EX=0.274  SE=0.026
  epoch 132/200  loss=0.6527  val[mean=0.115]  MA=0.002  HE=0.192  EX=0.222  SE=0.045
  epoch 133/200  loss=0.6306  val[mean=0.103]  MA=0.002  HE=0.187  EX=0.189  SE=0.034
  epoch 134/200  loss=0.6263  val[mean=0.089]  MA=0.001  HE=0.168  EX=0.166  SE=0.020
  epoch 135/200  loss=0.6142  val[mean=0.079]  MA=0.000  HE=0.152  EX=0.161  SE=0.002
  epoch 136/200  loss=0.6569  val[mean=0.072]  MA=0.000  HE=0.159  EX=0.128  SE=0.000
  epoch 137/200  loss=0.6064  val[mean=0.076]  MA=0.000  HE=0.164  EX=0.134  SE=0.005
  epoch 138/200  loss=0.6620  val[mean=0.074]  MA=0.001  HE=0.160  EX=0.121  SE=0.015
  epoch 139/200  loss=0.5759  val[mean=0.074]  MA=0.001  HE=0.153  EX=0.130  SE=0.014
  epoch 140/200  loss=0.6230  val[mean=0.073]  MA=0.001  HE=0.152  EX=0.141  SE=0.000
  epoch 141/200  loss=0.5731  val[mean=0.072]  MA=0.001  HE=0.158  EX=0.129  SE=0.000
  epoch 142/200  loss=0.5771  val[mean=0.075]  MA=0.001  HE=0.156  EX=0.143  SE=0.000
  epoch 143/200  loss=0.6078  val[mean=0.084]  MA=0.002  HE=0.160  EX=0.172  SE=0.000
  epoch 144/200  loss=0.6379  val[mean=0.090]  MA=0.002  HE=0.170  EX=0.188  SE=0.000
  epoch 145/200  loss=0.6005  val[mean=0.090]  MA=0.001  HE=0.184  EX=0.176  SE=0.000
  epoch 146/200  loss=0.5441  val[mean=0.086]  MA=0.001  HE=0.176  EX=0.166  SE=0.000
  epoch 147/200  loss=0.6020  val[mean=0.081]  MA=0.001  HE=0.160  EX=0.163  SE=0.000
  epoch 148/200  loss=0.5636  val[mean=0.075]  MA=0.001  HE=0.160  EX=0.138  SE=0.000
  epoch 149/200  loss=0.5616  val[mean=0.072]  MA=0.001  HE=0.153  EX=0.135  SE=0.000
  epoch 150/200  loss=0.6356  val[mean=0.076]  MA=0.002  HE=0.166  EX=0.138  SE=0.000
  epoch 151/200  loss=0.6256  val[mean=0.077]  MA=0.002  HE=0.171  EX=0.134  SE=0.000
  epoch 152/200  loss=0.5670  val[mean=0.076]  MA=0.002  HE=0.178  EX=0.125  SE=0.000
  epoch 153/200  loss=0.5970  val[mean=0.076]  MA=0.001  HE=0.169  EX=0.132  SE=0.000
  epoch 154/200  loss=0.5451  val[mean=0.071]  MA=0.001  HE=0.156  EX=0.126  SE=0.000
  epoch 155/200  loss=0.6345  val[mean=0.072]  MA=0.001  HE=0.158  EX=0.129  SE=0.000
  epoch 156/200  loss=0.5719  val[mean=0.072]  MA=0.001  HE=0.156  EX=0.130  SE=0.000
  epoch 157/200  loss=0.5707  val[mean=0.070]  MA=0.001  HE=0.155  EX=0.125  SE=0.000
  epoch 158/200  loss=0.6218  val[mean=0.074]  MA=0.001  HE=0.166  EX=0.128  SE=0.000
  epoch 159/200  loss=0.5828  val[mean=0.080]  MA=0.003  HE=0.187  EX=0.132  SE=0.000
  epoch 160/200  loss=0.6138  val[mean=0.077]  MA=0.003  HE=0.191  EX=0.114  SE=0.000
  epoch 161/200  loss=0.6241  val[mean=0.079]  MA=0.003  HE=0.187  EX=0.126  SE=0.000
  epoch 162/200  loss=0.5527  val[mean=0.079]  MA=0.002  HE=0.186  EX=0.129  SE=0.000
  epoch 163/200  loss=0.5754  val[mean=0.084]  MA=0.001  HE=0.186  EX=0.149  SE=0.000
  epoch 164/200  loss=0.5814  val[mean=0.082]  MA=0.001  HE=0.180  EX=0.149  SE=0.000
  epoch 165/200  loss=0.5866  val[mean=0.081]  MA=0.001  HE=0.177  EX=0.145  SE=0.000
  epoch 166/200  loss=0.6352  val[mean=0.083]  MA=0.001  HE=0.169  EX=0.160  SE=0.000
  epoch 167/200  loss=0.5994  val[mean=0.087]  MA=0.001  HE=0.172  EX=0.173  SE=0.000
  epoch 168/200  loss=0.5984  val[mean=0.085]  MA=0.001  HE=0.172  EX=0.167  SE=0.000
  epoch 169/200  loss=0.6053  val[mean=0.084]  MA=0.001  HE=0.167  EX=0.168  SE=0.000
  epoch 170/200  loss=0.6127  val[mean=0.084]  MA=0.001  HE=0.164  EX=0.169  SE=0.000
  epoch 171/200  loss=0.6257  val[mean=0.083]  MA=0.002  HE=0.165  EX=0.167  SE=0.000
  epoch 172/200  loss=0.5571  val[mean=0.087]  MA=0.001  HE=0.171  EX=0.175  SE=0.000
  epoch 173/200  loss=0.5704  val[mean=0.088]  MA=0.002  HE=0.170  EX=0.180  SE=0.000
  epoch 174/200  loss=0.6380  val[mean=0.080]  MA=0.003  HE=0.161  EX=0.157  SE=0.000
  epoch 175/200  loss=0.5983  val[mean=0.082]  MA=0.003  HE=0.161  EX=0.164  SE=0.000
  epoch 176/200  loss=0.6222  val[mean=0.079]  MA=0.002  HE=0.153  EX=0.162  SE=0.000
  epoch 177/200  loss=0.6139  val[mean=0.083]  MA=0.003  HE=0.156  EX=0.175  SE=0.000
  epoch 178/200  loss=0.5988  val[mean=0.084]  MA=0.003  HE=0.159  EX=0.173  SE=0.000
  epoch 179/200  loss=0.5951  val[mean=0.086]  MA=0.002  HE=0.164  EX=0.179  SE=0.000
  epoch 180/200  loss=0.6241  val[mean=0.085]  MA=0.003  HE=0.161  EX=0.176  SE=0.000
  epoch 181/200  loss=0.6110  val[mean=0.084]  MA=0.003  HE=0.161  EX=0.171  SE=0.000
  epoch 182/200  loss=0.6533  val[mean=0.085]  MA=0.003  HE=0.165  EX=0.172  SE=0.000
  epoch 183/200  loss=0.5274  val[mean=0.095]  MA=0.003  HE=0.166  EX=0.212  SE=0.000
  epoch 184/200  loss=0.5521  val[mean=0.091]  MA=0.003  HE=0.164  EX=0.198  SE=0.000
  epoch 185/200  loss=0.5983  val[mean=0.092]  MA=0.003  HE=0.166  EX=0.199  SE=0.000
  epoch 186/200  loss=0.5687  val[mean=0.094]  MA=0.003  HE=0.165  EX=0.210  SE=0.000
  epoch 187/200  loss=0.5822  val[mean=0.093]  MA=0.003  HE=0.167  EX=0.203  SE=0.000
  epoch 188/200  loss=0.5441  val[mean=0.092]  MA=0.003  HE=0.164  EX=0.202  SE=0.000
  epoch 189/200  loss=0.6178  val[mean=0.087]  MA=0.003  HE=0.162  EX=0.184  SE=0.000
  epoch 190/200  loss=0.5785  val[mean=0.088]  MA=0.003  HE=0.162  EX=0.188  SE=0.000
  epoch 191/200  loss=0.5767  val[mean=0.088]  MA=0.002  HE=0.162  EX=0.189  SE=0.000
  epoch 192/200  loss=0.5695  val[mean=0.090]  MA=0.002  HE=0.161  EX=0.195  SE=0.000
  epoch 193/200  loss=0.5809  val[mean=0.088]  MA=0.002  HE=0.161  EX=0.188  SE=0.000
  epoch 194/200  loss=0.5400  val[mean=0.089]  MA=0.002  HE=0.164  EX=0.191  SE=0.000
  epoch 195/200  loss=0.5998  val[mean=0.087]  MA=0.002  HE=0.165  EX=0.183  SE=0.000
  epoch 196/200  loss=0.5297  val[mean=0.089]  MA=0.002  HE=0.163  EX=0.189  SE=0.000
  epoch 197/200  loss=0.5905  val[mean=0.090]  MA=0.002  HE=0.169  EX=0.188  SE=0.000
  epoch 198/200  loss=0.5932  val[mean=0.090]  MA=0.002  HE=0.166  EX=0.193  SE=0.000
  epoch 199/200  loss=0.6028  val[mean=0.085]  MA=0.002  HE=0.168  EX=0.170  SE=0.000
  epoch 200/200  loss=0.5552  val[mean=0.089]  MA=0.002  HE=0.170  EX=0.182  SE=0.000

[info] best val mean-Dice 0.138 @ epoch 112; loading checkpoints_s34/nogcg_seed3.pt

=== TEST (held-out, best checkpoint) ===
  Dice [mean=0.378]   MA=0.423  HE=0.339  EX=0.484  SE=0.267
  IoU  [mean=0.236]   MA=0.268  HE=0.204  EX=0.319  SE=0.154

OK: train/val/test separated; focal-tversky loss; best checkpoint scored on test.
[info] wrote results -> experiments_pretrained_s34/nogcg_seed3.json

[4/4] === nogcg_seed4 ===
  /home/users/dongye/Oculomics/.venv/bin/python /home/users/dongye/Oculomics/train_idrid.py --arch gcg_unet --seed 4 --epochs 200 --batch-size 4 --lr 0.002 --loss focal_tversky --lesions MA HE EX SE --num-workers 2 --ckpt-dir checkpoints_s34 --run-name nogcg_seed4 --results-json experiments_pretrained_s34/nogcg_seed4.json --gcg-variant baseline --patch-size 512 --eval-tiled --pretrained --no-gcg
Warning: Looks like you're using an outdated `kagglehub` version (installed: 0.3.13), please consider upgrading to the latest version (1.0.2).
[info] dist   : single-process
[info] device : cuda
[info] lesions: ['MA', 'HE', 'EX', 'SE']  (C=4)   loss=focal_tversky
[info] splits : train=43 val=11 test=27
[info] train  : patch 512px native-res   eval=tiled native-res
[info] ckpt   : checkpoints_s34/nogcg_seed4.pt
[info] model  : GCG-U-Net (MobileNetV3) gcg=off, 6.69M params
[info] batch  : physical=4 x accum=1 x gpus=1 -> effective=4   amp=off

=== training 200 epochs (val for selection) ===
  epoch  1/200  loss=0.9712  val[mean=0.010]  MA=0.002  HE=0.026  EX=0.012  SE=0.002  <- best (saved)
  epoch  2/200  loss=0.9429  val[mean=0.014]  MA=0.001  HE=0.024  EX=0.027  SE=0.002  <- best (saved)
  epoch  3/200  loss=0.9492  val[mean=0.009]  MA=0.000  HE=0.023  EX=0.011  SE=0.000
  epoch  4/200  loss=0.9416  val[mean=0.010]  MA=0.000  HE=0.023  EX=0.011  SE=0.004
  epoch  5/200  loss=0.9353  val[mean=0.017]  MA=0.002  HE=0.026  EX=0.022  SE=0.016  <- best (saved)
  epoch  6/200  loss=0.9351  val[mean=0.022]  MA=0.002  HE=0.030  EX=0.050  SE=0.005  <- best (saved)
  epoch  7/200  loss=0.9262  val[mean=0.019]  MA=0.002  HE=0.029  EX=0.038  SE=0.007
  epoch  8/200  loss=0.9224  val[mean=0.020]  MA=0.002  HE=0.028  EX=0.033  SE=0.016
  epoch  9/200  loss=0.9494  val[mean=0.018]  MA=0.002  HE=0.031  EX=0.026  SE=0.012
  epoch 10/200  loss=0.9364  val[mean=0.015]  MA=0.002  HE=0.025  EX=0.023  SE=0.012
  epoch 11/200  loss=0.9151  val[mean=0.013]  MA=0.002  HE=0.023  EX=0.017  SE=0.009
  epoch 12/200  loss=0.9195  val[mean=0.014]  MA=0.002  HE=0.022  EX=0.020  SE=0.012
  epoch 13/200  loss=0.9156  val[mean=0.019]  MA=0.002  HE=0.030  EX=0.024  SE=0.019
  epoch 14/200  loss=0.9183  val[mean=0.018]  MA=0.002  HE=0.026  EX=0.025  SE=0.021
  epoch 15/200  loss=0.9146  val[mean=0.018]  MA=0.002  HE=0.021  EX=0.034  SE=0.014
  epoch 16/200  loss=0.8903  val[mean=0.013]  MA=0.002  HE=0.016  EX=0.024  SE=0.010
  epoch 17/200  loss=0.8896  val[mean=0.029]  MA=0.002  HE=0.028  EX=0.046  SE=0.040  <- best (saved)
  epoch 18/200  loss=0.8968  val[mean=0.031]  MA=0.002  HE=0.033  EX=0.051  SE=0.040  <- best (saved)
  epoch 19/200  loss=0.8754  val[mean=0.016]  MA=0.003  HE=0.030  EX=0.023  SE=0.009
  epoch 20/200  loss=0.8802  val[mean=0.017]  MA=0.002  HE=0.029  EX=0.030  SE=0.007
  epoch 21/200  loss=0.8762  val[mean=0.050]  MA=0.002  HE=0.032  EX=0.136  SE=0.030  <- best (saved)
  epoch 22/200  loss=0.8733  val[mean=0.043]  MA=0.002  HE=0.034  EX=0.103  SE=0.031
  epoch 23/200  loss=0.8440  val[mean=0.029]  MA=0.001  HE=0.030  EX=0.063  SE=0.022
  epoch 24/200  loss=0.8685  val[mean=0.021]  MA=0.001  HE=0.014  EX=0.051  SE=0.020
  epoch 25/200  loss=0.8861  val[mean=0.019]  MA=0.001  HE=0.017  EX=0.039  SE=0.020
  epoch 26/200  loss=0.8528  val[mean=0.024]  MA=0.001  HE=0.014  EX=0.060  SE=0.020
  epoch 27/200  loss=0.8449  val[mean=0.032]  MA=0.002  HE=0.022  EX=0.076  SE=0.027
  epoch 28/200  loss=0.8826  val[mean=0.055]  MA=0.002  HE=0.028  EX=0.139  SE=0.051  <- best (saved)
  epoch 29/200  loss=0.8584  val[mean=0.066]  MA=0.002  HE=0.027  EX=0.189  SE=0.047  <- best (saved)
  epoch 30/200  loss=0.8457  val[mean=0.091]  MA=0.003  HE=0.029  EX=0.243  SE=0.088  <- best (saved)
  epoch 31/200  loss=0.8364  val[mean=0.080]  MA=0.002  HE=0.032  EX=0.226  SE=0.061
  epoch 32/200  loss=0.8216  val[mean=0.062]  MA=0.003  HE=0.032  EX=0.151  SE=0.063
  epoch 33/200  loss=0.8127  val[mean=0.093]  MA=0.003  HE=0.052  EX=0.228  SE=0.088  <- best (saved)
  epoch 34/200  loss=0.8569  val[mean=0.069]  MA=0.002  HE=0.048  EX=0.165  SE=0.060
  epoch 35/200  loss=0.8347  val[mean=0.060]  MA=0.001  HE=0.047  EX=0.134  SE=0.055
  epoch 36/200  loss=0.8207  val[mean=0.054]  MA=0.002  HE=0.076  EX=0.097  SE=0.040
  epoch 37/200  loss=0.8300  val[mean=0.033]  MA=0.001  HE=0.066  EX=0.046  SE=0.018
  epoch 38/200  loss=0.8186  val[mean=0.072]  MA=0.001  HE=0.061  EX=0.168  SE=0.059
  epoch 39/200  loss=0.8209  val[mean=0.065]  MA=0.002  HE=0.070  EX=0.141  SE=0.046
  epoch 40/200  loss=0.7727  val[mean=0.067]  MA=0.003  HE=0.054  EX=0.173  SE=0.038
  epoch 41/200  loss=0.7887  val[mean=0.069]  MA=0.002  HE=0.036  EX=0.178  SE=0.060
  epoch 42/200  loss=0.8106  val[mean=0.051]  MA=0.001  HE=0.025  EX=0.136  SE=0.044
  epoch 43/200  loss=0.8168  val[mean=0.027]  MA=0.001  HE=0.039  EX=0.056  SE=0.012
  epoch 44/200  loss=0.8217  val[mean=0.046]  MA=0.003  HE=0.077  EX=0.088  SE=0.016
  epoch 45/200  loss=0.8090  val[mean=0.032]  MA=0.003  HE=0.062  EX=0.055  SE=0.011
  epoch 46/200  loss=0.7923  val[mean=0.031]  MA=0.002  HE=0.054  EX=0.056  SE=0.014
  epoch 47/200  loss=0.8184  val[mean=0.035]  MA=0.002  HE=0.035  EX=0.079  SE=0.023
  epoch 48/200  loss=0.7996  val[mean=0.019]  MA=0.002  HE=0.044  EX=0.023  SE=0.007
  epoch 49/200  loss=0.8115  val[mean=0.038]  MA=0.001  HE=0.126  EX=0.017  SE=0.006
  epoch 50/200  loss=0.7883  val[mean=0.025]  MA=0.002  HE=0.078  EX=0.017  SE=0.005
  epoch 51/200  loss=0.7976  val[mean=0.032]  MA=0.002  HE=0.082  EX=0.031  SE=0.012
  epoch 52/200  loss=0.7551  val[mean=0.083]  MA=0.002  HE=0.125  EX=0.145  SE=0.060
  epoch 53/200  loss=0.7997  val[mean=0.051]  MA=0.003  HE=0.115  EX=0.080  SE=0.006
  epoch 54/200  loss=0.7634  val[mean=0.053]  MA=0.003  HE=0.123  EX=0.087  SE=0.000
  epoch 55/200  loss=0.8127  val[mean=0.050]  MA=0.003  HE=0.116  EX=0.068  SE=0.015
  epoch 56/200  loss=0.8103  val[mean=0.054]  MA=0.003  HE=0.111  EX=0.077  SE=0.024
  epoch 57/200  loss=0.7952  val[mean=0.071]  MA=0.003  HE=0.162  EX=0.110  SE=0.007
  epoch 58/200  loss=0.7732  val[mean=0.110]  MA=0.003  HE=0.216  EX=0.211  SE=0.012  <- best (saved)
  epoch 59/200  loss=0.7702  val[mean=0.077]  MA=0.003  HE=0.172  EX=0.121  SE=0.012
  epoch 60/200  loss=0.7462  val[mean=0.071]  MA=0.004  HE=0.165  EX=0.076  SE=0.038
  epoch 61/200  loss=0.7853  val[mean=0.088]  MA=0.003  HE=0.195  EX=0.123  SE=0.031
  epoch 62/200  loss=0.7679  val[mean=0.126]  MA=0.004  HE=0.268  EX=0.192  SE=0.040  <- best (saved)
  epoch 63/200  loss=0.7817  val[mean=0.137]  MA=0.003  HE=0.236  EX=0.253  SE=0.058  <- best (saved)
  epoch 64/200  loss=0.7882  val[mean=0.098]  MA=0.003  HE=0.165  EX=0.195  SE=0.029
  epoch 65/200  loss=0.8061  val[mean=0.077]  MA=0.001  HE=0.145  EX=0.113  SE=0.049
  epoch 66/200  loss=0.7840  val[mean=0.125]  MA=0.001  HE=0.220  EX=0.172  SE=0.110
  epoch 67/200  loss=0.7836  val[mean=0.104]  MA=0.004  HE=0.125  EX=0.199  SE=0.086
  epoch 68/200  loss=0.7878  val[mean=0.138]  MA=0.006  HE=0.152  EX=0.272  SE=0.123  <- best (saved)
  epoch 69/200  loss=0.7626  val[mean=0.133]  MA=0.005  HE=0.252  EX=0.245  SE=0.032
  epoch 70/200  loss=0.7208  val[mean=0.093]  MA=0.003  HE=0.206  EX=0.155  SE=0.006
  epoch 71/200  loss=0.7659  val[mean=0.074]  MA=0.004  HE=0.140  EX=0.152  SE=0.001
  epoch 72/200  loss=0.7417  val[mean=0.097]  MA=0.003  HE=0.174  EX=0.157  SE=0.053
  epoch 73/200  loss=0.7783  val[mean=0.155]  MA=0.001  HE=0.217  EX=0.271  SE=0.133  <- best (saved)
  epoch 74/200  loss=0.7828  val[mean=0.138]  MA=0.000  HE=0.210  EX=0.228  SE=0.113
  epoch 75/200  loss=0.7394  val[mean=0.157]  MA=0.001  HE=0.279  EX=0.343  SE=0.006  <- best (saved)
  epoch 76/200  loss=0.7436  val[mean=0.116]  MA=0.000  HE=0.230  EX=0.216  SE=0.016
  epoch 77/200  loss=0.7561  val[mean=0.096]  MA=0.000  HE=0.223  EX=0.147  SE=0.012
  epoch 78/200  loss=0.7540  val[mean=0.107]  MA=0.000  HE=0.179  EX=0.221  SE=0.029
  epoch 79/200  loss=0.7454  val[mean=0.116]  MA=0.000  HE=0.176  EX=0.256  SE=0.031
  epoch 80/200  loss=0.7456  val[mean=0.126]  MA=0.000  HE=0.191  EX=0.303  SE=0.009
  epoch 81/200  loss=0.7123  val[mean=0.149]  MA=0.000  HE=0.234  EX=0.288  SE=0.074
  epoch 82/200  loss=0.7602  val[mean=0.148]  MA=0.000  HE=0.285  EX=0.266  SE=0.040
  epoch 83/200  loss=0.6903  val[mean=0.121]  MA=0.000  HE=0.263  EX=0.197  SE=0.023
  epoch 84/200  loss=0.6983  val[mean=0.127]  MA=0.003  HE=0.301  EX=0.179  SE=0.024
  epoch 85/200  loss=0.7156  val[mean=0.143]  MA=0.004  HE=0.267  EX=0.228  SE=0.072
  epoch 86/200  loss=0.6972  val[mean=0.124]  MA=0.003  HE=0.249  EX=0.230  SE=0.015
  epoch 87/200  loss=0.6981  val[mean=0.126]  MA=0.003  HE=0.299  EX=0.196  SE=0.007
  epoch 88/200  loss=0.7162  val[mean=0.138]  MA=0.003  HE=0.284  EX=0.250  SE=0.016
  epoch 89/200  loss=0.7012  val[mean=0.148]  MA=0.005  HE=0.270  EX=0.316  SE=0.000
  epoch 90/200  loss=0.7073  val[mean=0.151]  MA=0.003  HE=0.303  EX=0.297  SE=0.000
  epoch 91/200  loss=0.6971  val[mean=0.155]  MA=0.003  HE=0.346  EX=0.268  SE=0.004
  epoch 92/200  loss=0.6460  val[mean=0.151]  MA=0.002  HE=0.344  EX=0.254  SE=0.005
  epoch 93/200  loss=0.6980  val[mean=0.144]  MA=0.002  HE=0.357  EX=0.212  SE=0.006
  epoch 94/200  loss=0.6941  val[mean=0.130]  MA=0.002  HE=0.309  EX=0.207  SE=0.002
  epoch 95/200  loss=0.6891  val[mean=0.142]  MA=0.002  HE=0.277  EX=0.289  SE=0.000
  epoch 96/200  loss=0.7024  val[mean=0.139]  MA=0.002  HE=0.282  EX=0.273  SE=0.000
  epoch 97/200  loss=0.7063  val[mean=0.143]  MA=0.004  HE=0.339  EX=0.231  SE=0.000
  epoch 98/200  loss=0.6772  val[mean=0.097]  MA=0.004  HE=0.179  EX=0.204  SE=0.000
  epoch 99/200  loss=0.6636  val[mean=0.091]  MA=0.002  HE=0.204  EX=0.158  SE=0.000
  epoch 100/200  loss=0.6459  val[mean=0.111]  MA=0.006  HE=0.242  EX=0.197  SE=0.000
  epoch 101/200  loss=0.6613  val[mean=0.139]  MA=0.009  HE=0.237  EX=0.311  SE=0.000
  epoch 102/200  loss=0.6823  val[mean=0.134]  MA=0.011  HE=0.231  EX=0.294  SE=0.000
  epoch 103/200  loss=0.5828  val[mean=0.130]  MA=0.007  HE=0.183  EX=0.331  SE=0.000
  epoch 104/200  loss=0.7292  val[mean=0.160]  MA=0.007  HE=0.278  EX=0.355  SE=0.000  <- best (saved)
  epoch 105/200  loss=0.6634  val[mean=0.172]  MA=0.005  HE=0.305  EX=0.365  SE=0.012  <- best (saved)
  epoch 106/200  loss=0.6190  val[mean=0.148]  MA=0.002  HE=0.317  EX=0.275  SE=0.000
  epoch 107/200  loss=0.6525  val[mean=0.126]  MA=0.003  HE=0.249  EX=0.250  SE=0.000
  epoch 108/200  loss=0.7011  val[mean=0.146]  MA=0.004  HE=0.263  EX=0.257  SE=0.059
  epoch 109/200  loss=0.6717  val[mean=0.141]  MA=0.005  HE=0.263  EX=0.294  SE=0.000
  epoch 110/200  loss=0.6673  val[mean=0.146]  MA=0.003  HE=0.299  EX=0.283  SE=0.000
  epoch 111/200  loss=0.6763  val[mean=0.141]  MA=0.002  HE=0.285  EX=0.275  SE=0.000
  epoch 112/200  loss=0.6066  val[mean=0.134]  MA=0.002  HE=0.263  EX=0.269  SE=0.000
  epoch 113/200  loss=0.6793  val[mean=0.119]  MA=0.004  HE=0.208  EX=0.264  SE=0.000
  epoch 114/200  loss=0.6183  val[mean=0.119]  MA=0.004  HE=0.183  EX=0.288  SE=0.000
  epoch 115/200  loss=0.6419  val[mean=0.131]  MA=0.001  HE=0.239  EX=0.285  SE=0.000
  epoch 116/200  loss=0.6104  val[mean=0.157]  MA=0.004  HE=0.322  EX=0.303  SE=0.000
  epoch 117/200  loss=0.6886  val[mean=0.171]  MA=0.005  HE=0.344  EX=0.334  SE=0.000
  epoch 118/200  loss=0.5962  val[mean=0.159]  MA=0.007  HE=0.343  EX=0.280  SE=0.005
  epoch 119/200  loss=0.5916  val[mean=0.149]  MA=0.006  HE=0.309  EX=0.274  SE=0.007
  epoch 120/200  loss=0.6503  val[mean=0.169]  MA=0.005  HE=0.344  EX=0.322  SE=0.007
  epoch 121/200  loss=0.6127  val[mean=0.175]  MA=0.006  HE=0.310  EX=0.373  SE=0.012  <- best (saved)
  epoch 122/200  loss=0.6298  val[mean=0.167]  MA=0.007  HE=0.298  EX=0.349  SE=0.014
  epoch 123/200  loss=0.5965  val[mean=0.164]  MA=0.007  HE=0.332  EX=0.310  SE=0.007
  epoch 124/200  loss=0.6350  val[mean=0.157]  MA=0.006  HE=0.352  EX=0.263  SE=0.007
  epoch 125/200  loss=0.6304  val[mean=0.137]  MA=0.003  HE=0.275  EX=0.257  SE=0.012
  epoch 126/200  loss=0.6507  val[mean=0.149]  MA=0.002  HE=0.317  EX=0.278  SE=0.000
  epoch 127/200  loss=0.6174  val[mean=0.155]  MA=0.002  HE=0.292  EX=0.326  SE=0.000
  epoch 128/200  loss=0.6346  val[mean=0.150]  MA=0.004  HE=0.257  EX=0.340  SE=0.000
  epoch 129/200  loss=0.6148  val[mean=0.151]  MA=0.005  HE=0.262  EX=0.336  SE=0.000
  epoch 130/200  loss=0.6356  val[mean=0.156]  MA=0.005  HE=0.281  EX=0.337  SE=0.000
  epoch 131/200  loss=0.6005  val[mean=0.167]  MA=0.004  HE=0.297  EX=0.365  SE=0.000
  epoch 132/200  loss=0.6229  val[mean=0.167]  MA=0.005  HE=0.287  EX=0.377  SE=0.000
  epoch 133/200  loss=0.6197  val[mean=0.167]  MA=0.005  HE=0.278  EX=0.385  SE=0.000
  epoch 134/200  loss=0.6200  val[mean=0.163]  MA=0.005  HE=0.275  EX=0.371  SE=0.000
  epoch 135/200  loss=0.6646  val[mean=0.163]  MA=0.006  HE=0.299  EX=0.347  SE=0.000
  epoch 136/200  loss=0.5930  val[mean=0.164]  MA=0.006  HE=0.311  EX=0.341  SE=0.000
  epoch 137/200  loss=0.6487  val[mean=0.157]  MA=0.004  HE=0.285  EX=0.340  SE=0.000
  epoch 138/200  loss=0.6278  val[mean=0.156]  MA=0.004  HE=0.278  EX=0.339  SE=0.000
  epoch 139/200  loss=0.6663  val[mean=0.156]  MA=0.003  HE=0.286  EX=0.324  SE=0.010
  epoch 140/200  loss=0.6144  val[mean=0.152]  MA=0.003  HE=0.276  EX=0.329  SE=0.000
  epoch 141/200  loss=0.5664  val[mean=0.148]  MA=0.003  HE=0.254  EX=0.335  SE=0.000
  epoch 142/200  loss=0.5749  val[mean=0.148]  MA=0.002  HE=0.263  EX=0.326  SE=0.000
  epoch 143/200  loss=0.5758  val[mean=0.148]  MA=0.002  HE=0.271  EX=0.315  SE=0.005
  epoch 144/200  loss=0.5491  val[mean=0.145]  MA=0.002  HE=0.275  EX=0.301  SE=0.000
  epoch 145/200  loss=0.6224  val[mean=0.149]  MA=0.004  HE=0.318  EX=0.272  SE=0.000
  epoch 146/200  loss=0.5430  val[mean=0.160]  MA=0.004  HE=0.331  EX=0.306  SE=0.000
  epoch 147/200  loss=0.5987  val[mean=0.157]  MA=0.004  HE=0.327  EX=0.292  SE=0.003
  epoch 148/200  loss=0.5688  val[mean=0.156]  MA=0.001  HE=0.315  EX=0.309  SE=0.000
  epoch 149/200  loss=0.5885  val[mean=0.153]  MA=0.001  HE=0.301  EX=0.309  SE=0.000
  epoch 150/200  loss=0.6014  val[mean=0.159]  MA=0.002  HE=0.318  EX=0.316  SE=0.000
  epoch 151/200  loss=0.6667  val[mean=0.162]  MA=0.003  HE=0.334  EX=0.313  SE=0.000
  epoch 152/200  loss=0.5374  val[mean=0.165]  MA=0.003  HE=0.328  EX=0.330  SE=0.000
  epoch 153/200  loss=0.6028  val[mean=0.157]  MA=0.002  HE=0.316  EX=0.312  SE=0.000
  epoch 154/200  loss=0.5949  val[mean=0.160]  MA=0.002  HE=0.314  EX=0.322  SE=0.000
  epoch 155/200  loss=0.6100  val[mean=0.155]  MA=0.004  HE=0.316  EX=0.298  SE=0.001
  epoch 156/200  loss=0.5474  val[mean=0.148]  MA=0.004  HE=0.308  EX=0.281  SE=0.000
  epoch 157/200  loss=0.5552  val[mean=0.142]  MA=0.004  HE=0.288  EX=0.273  SE=0.001
  epoch 158/200  loss=0.5584  val[mean=0.150]  MA=0.004  HE=0.305  EX=0.287  SE=0.004
  epoch 159/200  loss=0.6058  val[mean=0.152]  MA=0.004  HE=0.316  EX=0.283  SE=0.006
  epoch 160/200  loss=0.5867  val[mean=0.158]  MA=0.004  HE=0.316  EX=0.308  SE=0.002
  epoch 161/200  loss=0.6337  val[mean=0.163]  MA=0.004  HE=0.328  EX=0.320  SE=0.000
  epoch 162/200  loss=0.6365  val[mean=0.172]  MA=0.003  HE=0.334  EX=0.352  SE=0.000
  epoch 163/200  loss=0.5997  val[mean=0.178]  MA=0.003  HE=0.346  EX=0.364  SE=0.000  <- best (saved)
  epoch 164/200  loss=0.5886  val[mean=0.177]  MA=0.004  HE=0.349  EX=0.357  SE=0.000
  epoch 165/200  loss=0.5636  val[mean=0.172]  MA=0.004  HE=0.359  EX=0.324  SE=0.000
  epoch 166/200  loss=0.5539  val[mean=0.172]  MA=0.004  HE=0.361  EX=0.322  SE=0.000
  epoch 167/200  loss=0.5664  val[mean=0.167]  MA=0.004  HE=0.356  EX=0.307  SE=0.000
  epoch 168/200  loss=0.6179  val[mean=0.171]  MA=0.004  HE=0.357  EX=0.324  SE=0.000
  epoch 169/200  loss=0.5514  val[mean=0.173]  MA=0.004  HE=0.358  EX=0.332  SE=0.000
  epoch 170/200  loss=0.5226  val[mean=0.175]  MA=0.004  HE=0.353  EX=0.344  SE=0.000
  epoch 171/200  loss=0.5698  val[mean=0.167]  MA=0.003  HE=0.336  EX=0.329  SE=0.000
  epoch 172/200  loss=0.6073  val[mean=0.164]  MA=0.002  HE=0.332  EX=0.322  SE=0.000
  epoch 173/200  loss=0.6100  val[mean=0.170]  MA=0.003  HE=0.339  EX=0.337  SE=0.000
  epoch 174/200  loss=0.6131  val[mean=0.169]  MA=0.003  HE=0.340  EX=0.331  SE=0.000
  epoch 175/200  loss=0.6000  val[mean=0.170]  MA=0.004  HE=0.345  EX=0.331  SE=0.000
  epoch 176/200  loss=0.6466  val[mean=0.167]  MA=0.004  HE=0.344  EX=0.319  SE=0.000
  epoch 177/200  loss=0.5295  val[mean=0.171]  MA=0.004  HE=0.345  EX=0.336  SE=0.000
  epoch 178/200  loss=0.6170  val[mean=0.169]  MA=0.003  HE=0.343  EX=0.330  SE=0.000
  epoch 179/200  loss=0.6135  val[mean=0.166]  MA=0.003  HE=0.341  EX=0.319  SE=0.000
  epoch 180/200  loss=0.5653  val[mean=0.169]  MA=0.004  HE=0.342  EX=0.329  SE=0.000
  epoch 181/200  loss=0.6373  val[mean=0.169]  MA=0.004  HE=0.344  EX=0.330  SE=0.000
  epoch 182/200  loss=0.5116  val[mean=0.172]  MA=0.004  HE=0.346  EX=0.340  SE=0.000
  epoch 183/200  loss=0.6014  val[mean=0.175]  MA=0.004  HE=0.347  EX=0.347  SE=0.000
  epoch 184/200  loss=0.5591  val[mean=0.170]  MA=0.004  HE=0.345  EX=0.332  SE=0.000
  epoch 185/200  loss=0.6000  val[mean=0.169]  MA=0.004  HE=0.344  EX=0.330  SE=0.000
  epoch 186/200  loss=0.5903  val[mean=0.171]  MA=0.004  HE=0.345  EX=0.334  SE=0.000
  epoch 187/200  loss=0.6164  val[mean=0.169]  MA=0.004  HE=0.343  EX=0.331  SE=0.000
  epoch 188/200  loss=0.5555  val[mean=0.171]  MA=0.004  HE=0.344  EX=0.335  SE=0.000
  epoch 189/200  loss=0.5535  val[mean=0.174]  MA=0.004  HE=0.345  EX=0.349  SE=0.000
  epoch 190/200  loss=0.5522  val[mean=0.172]  MA=0.004  HE=0.346  EX=0.338  SE=0.000
  epoch 191/200  loss=0.5540  val[mean=0.174]  MA=0.004  HE=0.350  EX=0.343  SE=0.000
  epoch 192/200  loss=0.6122  val[mean=0.172]  MA=0.004  HE=0.347  EX=0.340  SE=0.000
  epoch 193/200  loss=0.6076  val[mean=0.173]  MA=0.004  HE=0.347  EX=0.341  SE=0.000
  epoch 194/200  loss=0.6076  val[mean=0.168]  MA=0.003  HE=0.343  EX=0.328  SE=0.000
  epoch 195/200  loss=0.6192  val[mean=0.170]  MA=0.004  HE=0.350  EX=0.327  SE=0.000
  epoch 196/200  loss=0.6036  val[mean=0.171]  MA=0.003  HE=0.346  EX=0.332  SE=0.000
  epoch 197/200  loss=0.5630  val[mean=0.174]  MA=0.004  HE=0.347  EX=0.345  SE=0.000
  epoch 198/200  loss=0.6013  val[mean=0.174]  MA=0.004  HE=0.347  EX=0.346  SE=0.000
  epoch 199/200  loss=0.5862  val[mean=0.174]  MA=0.004  HE=0.347  EX=0.344  SE=0.000
  epoch 200/200  loss=0.5677  val[mean=0.174]  MA=0.004  HE=0.349  EX=0.343  SE=0.000

[info] best val mean-Dice 0.178 @ epoch 163; loading checkpoints_s34/nogcg_seed4.pt

=== TEST (held-out, best checkpoint) ===
  Dice [mean=0.465]   MA=0.420  HE=0.408  EX=0.693  SE=0.339
  IoU  [mean=0.314]   MA=0.266  HE=0.256  EX=0.530  SE=0.204

OK: train/val/test separated; focal-tversky loss; best checkpoint scored on test.
[info] wrote results -> experiments_pretrained_s34/nogcg_seed4.json

====================================================================
GCG vs CONTROL on IDRiD  (seeds=[3, 4], epochs=200)
====================================================================
lesion  control (no-gcg)      GCG                      delta
MA      0.421 +/- 0.002       0.417 +/- 0.006         -0.004
HE      0.373 +/- 0.035       0.422 +/- 0.021         +0.048
EX      0.588 +/- 0.105       0.628 +/- 0.002         +0.039
SE      0.303 +/- 0.036       0.162 +/- 0.040         -0.141
--------------------------------------------------------------------
mean    0.422 +/- 0.044       0.407 +/- 0.017         -0.014

--------------------------------------------------------------------
PAIRED analysis (per-seed GCG-minus-control; same seeds):
  MA     delta=-0.004  95%CI[-0.106,+0.097]  1/2 seeds+
  HE     delta=+0.048  95%CI[-0.125,+0.222]  2/2 seeds+
  EX     delta=+0.039  95%CI[-1.262,+1.341]  1/2 seeds+
  SE     delta=-0.141  95%CI[-0.189,-0.093]  0/2 seeds+  *sig
  MEAN   delta=-0.014  95%CI[-0.346,+0.317]  1/2 seeds+

verdict: inconclusive (paired CI includes 0)

[info] wrote experiments_pretrained_s34/summary.md and summary.json
+

verdict: inconclusive (paired CI includes 0)

[info] wrote experiments_pretrained_s34/summary.md and summary.json
